13:33:16 robot_arb INFO === Arbitrage Robot v1 ===
13:33:16 robot_arb INFO Pair: GAZP / GZU6
13:33:16 robot_arb INFO Account: 1225953 | Port: 5090 | Paper: True
13:33:16 robot_arb INFO Params: entry_z=2.5 lookback=500 lots_a=100 lots_b=10 hedge_ratio=10
13:33:16 robot_arb INFO Min profit: rub=77.7
13:33:16 robot_arb INFO Risk: stop_loss_rub=50000
13:33:16 robot_arb INFO State loaded: pnl=35719 trades=295 mode=running
13:33:16 FinamPy CRITICAL Ошибка доступа к системному хранилищу: No recommended backend was available. Install a recommended 3rd party backend package; or, install the keyrings.alt package if you want to use the non-recommended backends. See https://pypi.org/project/keyring for details.
13:33:16 FinamPy CRITICAL Ошибка сохранения в системное хранилище: No recommended backend was available. Install a recommended 3rd party backend package; or, install the keyrings.alt package if you want to use the non-recommended backends. See https://pypi.org/project/keyring for details.
13:33:17 robot_arb INFO FinamPy connected. Accounts: ['1225950', '1225951', '1225952', '1225953']
13:33:17 robot_arb INFO Subscribed OrderBook: GAZP@RTSX, GZU6@RTSX
13:33:17 robot_arb INFO Subscribed Quotes: GAZP@RTSX, GZU6@RTSX
13:33:17 robot_arb INFO Warmup: waiting 10 sec for data streams...
13:33:27 robot_arb INFO Warmup done. OB_A: False OB_B: False
13:33:27 robot_arb INFO MOEX ISS poller started (fallback for stock prices)
13:33:27 robot_arb INFO Main loop started
13:33:27 robot_arb INFO API listening on :5090
13:33:27 robot_arb INFO Endpoints: GET /status /health /params | POST /start /stop /pause /params
13:34:00 robot_arb INFO EXIT SIGNAL reason=profit_target | pnl=97.59 | limit sell 100 @ 101.42 | market buy 10 @ 10459.23
13:34:00 orders_arb INFO 📄 PAPER ENTRY: sell 100 GAZP@RTSX @ 101.42 (LIMIT)
13:34:00 orders_arb INFO 📄 PAPER ENTRY: buy 10 GZU6@RTSX @ 10459.23 (MARKET)
13:34:00 strategy_arb INFO POSITION CLOSE SHORT | PnL=+55.32₽ (gross=+135.32₽ comm=80.00₽) | reason=profit_target | hold=2769min
13:46:24 robot_arb INFO ⚠️ CHECK_ENTRY returned signal: {'action': 'entry', 'side': 'short_basis', 'z': 2.539408894008579, 'basis': 9455.4, 'price_a': 101.46, 'price_b': 10470.0}
13:46:24 robot_arb INFO ENTRY SIGNAL short_basis | Z=2.54 basis=9455.40 | A=101.46 B=10470.00 | limit buy 100 @ 101.47 | market sell 10 @ 10464.76
13:46:24 orders_arb INFO 📄 PAPER ENTRY: buy 100 GAZP@RTSX @ 101.47 (LIMIT)
13:46:24 orders_arb INFO 📄 PAPER ENTRY: sell 10 GZU6@RTSX @ 10464.76 (MARKET)
13:46:24 strategy_arb INFO POSITION OPEN SHORT basis | A=101.47 ×100 | B=10464.76 ×10 | basis=9450.06 Z=2.54
13:46:24 robot_arb INFO POSITION OPEN SHORT_BASIS | A=101.47 ×100 | B=10464.76 ×10 | basis=9455.40 Z=2.54
13:56:46 robot_arb INFO Account changed → 1225953-EDP
13:56:47 robot_arb INFO Param updated: ticker_a = GAZP (was GAZP)
13:56:47 robot_arb INFO Param updated: symbol_a = GAZP@RTSX (was GAZP@RTSX)
13:56:47 robot_arb INFO Param updated: ticker_b = GZU6 (was GZU6)
13:56:47 robot_arb INFO Param updated: symbol_b = GZU6@RTSX (was GZU6@RTSX)
13:56:47 robot_arb INFO Param updated: lots_a = 100 (was 100)
13:56:47 robot_arb INFO Param updated: lots_b = 10 (was 10)
13:56:47 robot_arb INFO Param updated: hedge_ratio = 10 (was 10)
13:56:47 robot_arb INFO Param updated: capital = 1000000 (was 1000000)
13:56:47 robot_arb INFO Param updated: entry_z = 2.5 (was 2.5)
13:56:47 robot_arb INFO Param updated: entry_z_long = -5 (was -5)
13:56:47 robot_arb INFO Param updated: entry_mode = zscore (was zscore)
13:56:47 robot_arb INFO Param updated: spread_rub_high = 350 (was 350)
13:56:47 robot_arb INFO Param updated: spread_rub_low = 300 (was 300)
13:56:47 robot_arb INFO Param updated: risk_free_rate = 0.1425 (was 0.1425)
13:56:47 robot_arb INFO Param updated: expiration_date = 2026-09-18 (was 2026-09-18)
13:56:47 robot_arb INFO Param updated: contract_size = 100 (was 100)
13:56:47 robot_arb INFO Param updated: lookback = 500 (was 500)
13:56:47 robot_arb INFO Param updated: leg_a_timeout = 5 (was 5)
13:56:47 robot_arb INFO Param updated: min_fill_ratio = 0.55 (was 0.55)
13:56:47 robot_arb INFO Param updated: min_profit_type = rub (was rub)
13:56:47 robot_arb INFO Param updated: min_profit_value = 77.7 (was 77.7)
13:56:47 robot_arb INFO Param updated: risk_type = stop_loss_rub (was stop_loss_rub)
13:56:47 robot_arb INFO Param updated: risk_value = 50000 (was 50000)
13:56:47 robot_arb INFO Param updated: allow_long_basis = True (was True)
13:56:47 robot_arb INFO Param updated: use_commission = True (was True)
13:56:47 robot_arb INFO Param updated: commission_stock_pct = 0.035 (was 0.035)
13:56:47 robot_arb INFO Param updated: commission_futures_rt = 0.9 (was 0.9)
14:05:42 robot_arb INFO EXIT SIGNAL reason=profit_target | pnl=107.60 | limit sell 100 @ 101.54 | market buy 10 @ 10458.23
14:05:42 orders_arb INFO 📄 PAPER ENTRY: sell 100 GAZP@RTSX @ 101.54 (LIMIT)
14:05:42 orders_arb INFO 📄 PAPER ENTRY: buy 10 GZU6@RTSX @ 10458.23 (MARKET)
14:05:42 strategy_arb INFO POSITION CLOSE SHORT | PnL=+55.33₽ (gross=+135.38₽ comm=80.05₽) | reason=profit_target | hold=19min
14:05:47 robot_arb INFO ⚠️ CHECK_ENTRY returned signal: {'action': 'entry', 'side': 'short_basis', 'z': 2.8035076662786937, 'basis': 9456.3, 'price_a': 101.37, 'price_b': 10470.0}
14:05:47 robot_arb INFO ENTRY SIGNAL short_basis | Z=2.80 basis=9456.30 | A=101.37 B=10470.00 | limit buy 100 @ 101.38 | market sell 10 @ 10464.76
14:05:47 orders_arb INFO 📄 PAPER ENTRY: buy 100 GAZP@RTSX @ 101.38 (LIMIT)
14:05:47 orders_arb INFO 📄 PAPER ENTRY: sell 10 GZU6@RTSX @ 10464.76 (MARKET)
14:05:47 strategy_arb INFO POSITION OPEN SHORT basis | A=101.38 ×100 | B=10464.76 ×10 | basis=9450.97 Z=2.80
14:05:47 robot_arb INFO POSITION OPEN SHORT_BASIS | A=101.38 ×100 | B=10464.76 ×10 | basis=9456.30 Z=2.80
14:05:59 robot_arb INFO EXIT SIGNAL reason=profit_target | pnl=177.63 | limit sell 100 @ 101.52 | market buy 10 @ 10458.23
14:05:59 orders_arb INFO 📄 PAPER ENTRY: sell 100 GAZP@RTSX @ 101.52 (LIMIT)
14:05:59 orders_arb INFO 📄 PAPER ENTRY: buy 10 GZU6@RTSX @ 10458.23 (MARKET)
14:05:59 strategy_arb INFO POSITION CLOSE SHORT | PnL=+125.37₽ (gross=+205.38₽ comm=80.02₽) | reason=profit_target | hold=0min
14:07:03 robot_arb INFO Account changed → 1225953-EDP
14:07:03 robot_arb INFO Param updated: ticker_a = GAZP (was GAZP)
14:07:03 robot_arb INFO Param updated: symbol_a = GAZP@RTSX (was GAZP@RTSX)
14:07:03 robot_arb INFO Param updated: ticker_b = GZU6 (was GZU6)
14:07:03 robot_arb INFO Param updated: symbol_b = GZU6@RTSX (was GZU6@RTSX)
14:07:03 robot_arb INFO Param updated: lots_a = 100 (was 100)
14:07:03 robot_arb INFO Param updated: lots_b = 10 (was 10)
14:07:03 robot_arb INFO Param updated: hedge_ratio = 10 (was 10)
14:07:03 robot_arb INFO Param updated: capital = 1000000 (was 1000000)
14:07:03 robot_arb INFO Param updated: entry_z = 2.7 (was 2.5)
14:07:03 robot_arb INFO Param updated: entry_z_long = -5 (was -5)
14:07:03 robot_arb INFO Param updated: entry_mode = zscore (was zscore)
14:07:03 robot_arb INFO Param updated: spread_rub_high = 350 (was 350)
14:07:03 robot_arb INFO Param updated: spread_rub_low = 300 (was 300)
14:07:03 robot_arb INFO Param updated: risk_free_rate = 0.1425 (was 0.1425)
14:07:03 robot_arb INFO Param updated: expiration_date = 2026-09-18 (was 2026-09-18)
14:07:03 robot_arb INFO Param updated: contract_size = 100 (was 100)
14:07:03 robot_arb INFO Param updated: lookback = 500 (was 500)
14:07:03 robot_arb INFO Param updated: leg_a_timeout = 5 (was 5)
14:07:03 robot_arb INFO Param updated: min_fill_ratio = 0.55 (was 0.55)
14:07:03 robot_arb INFO Param updated: min_profit_type = rub (was rub)
14:07:03 robot_arb INFO Param updated: min_profit_value = 77.7 (was 77.7)
14:07:03 robot_arb INFO Param updated: risk_type = stop_loss_rub (was stop_loss_rub)
14:07:03 robot_arb INFO Param updated: risk_value = 50000 (was 50000)
14:07:03 robot_arb INFO Param updated: allow_long_basis = True (was True)
14:07:03 robot_arb INFO Param updated: use_commission = True (was True)
14:07:03 robot_arb INFO Param updated: commission_stock_pct = 0.035 (was 0.035)
14:07:03 robot_arb INFO Param updated: commission_futures_rt = 0.9 (was 0.9)
14:10:58 robot_arb INFO ⚠️ CHECK_ENTRY returned signal: {'action': 'entry', 'side': 'short_basis', 'z': 3.3621598749017645, 'basis': 9443.7, 'price_a': 101.23, 'price_b': 10456.0}
14:10:58 robot_arb INFO ENTRY SIGNAL short_basis | Z=3.36 basis=9443.70 | A=101.23 B=10456.00 | limit buy 100 @ 101.24 | market sell 10 @ 10450.77
14:10:58 orders_arb INFO 📄 PAPER ENTRY: buy 100 GAZP@RTSX @ 101.24 (LIMIT)
14:10:58 orders_arb INFO 📄 PAPER ENTRY: sell 10 GZU6@RTSX @ 10450.77 (MARKET)
14:10:58 strategy_arb INFO POSITION OPEN SHORT basis | A=101.24 ×100 | B=10450.77 ×10 | basis=9438.37 Z=3.36
14:10:58 robot_arb INFO POSITION OPEN SHORT_BASIS | A=101.24 ×100 | B=10450.77 ×10 | basis=9443.70 Z=3.36
14:18:45 robot_arb INFO EXIT SIGNAL reason=profit_target | pnl=107.87 | limit sell 100 @ 101.19 | market buy 10 @ 10433.21
14:18:45 orders_arb INFO 📄 PAPER ENTRY: sell 100 GAZP@RTSX @ 101.19 (LIMIT)
14:18:45 orders_arb INFO 📄 PAPER ENTRY: buy 10 GZU6@RTSX @ 10433.21 (MARKET)
14:18:45 strategy_arb INFO POSITION CLOSE SHORT | PnL=+45.73₽ (gross=+125.58₽ comm=79.85₽) | reason=profit_target | hold=8min
14:23:36 robot_arb INFO ⚠️ CHECK_ENTRY returned signal: {'action': 'entry', 'side': 'short_basis', 'z': 2.9553263769147127, 'basis': 9428.7, 'price_a': 101.13, 'price_b': 10440.0}
14:23:36 robot_arb INFO ENTRY SIGNAL short_basis | Z=2.96 basis=9428.70 | A=101.13 B=10440.00 | limit buy 100 @ 101.14 | market sell 10 @ 10434.78
14:23:36 orders_arb INFO 📄 PAPER ENTRY: buy 100 GAZP@RTSX @ 101.14 (LIMIT)
14:23:36 orders_arb INFO 📄 PAPER ENTRY: sell 10 GZU6@RTSX @ 10434.78 (MARKET)
14:23:36 strategy_arb INFO POSITION OPEN SHORT basis | A=101.14 ×100 | B=10434.78 ×10 | basis=9423.38 Z=2.96
14:23:36 robot_arb INFO POSITION OPEN SHORT_BASIS | A=101.14 ×100 | B=10434.78 ×10 | basis=9428.70 Z=2.96
14:26:19 robot_arb INFO Account changed → 1225953-EDP
14:26:20 robot_arb INFO Param updated: ticker_a = GAZP (was GAZP)
14:26:20 robot_arb INFO Param updated: symbol_a = GAZP@RTSX (was GAZP@RTSX)
14:26:20 robot_arb INFO Param updated: ticker_b = GZU6 (was GZU6)
14:26:20 robot_arb INFO Param updated: symbol_b = GZU6@RTSX (was GZU6@RTSX)
14:26:20 robot_arb INFO Param updated: lots_a = 100 (was 100)
14:26:20 robot_arb INFO Param updated: lots_b = 10 (was 10)
14:26:20 robot_arb INFO Param updated: hedge_ratio = 10 (was 10)
14:26:20 robot_arb INFO Param updated: capital = 1000000 (was 1000000)
14:26:20 robot_arb INFO Param updated: entry_z = 2.7 (was 2.7)
14:26:20 robot_arb INFO Param updated: entry_z_long = -5 (was -5)
14:26:20 robot_arb INFO Param updated: entry_mode = zscore (was zscore)
14:26:20 robot_arb INFO Param updated: spread_rub_high = 350 (was 350)
14:26:20 robot_arb INFO Param updated: spread_rub_low = 300 (was 300)
14:26:20 robot_arb INFO Param updated: risk_free_rate = 0.1425 (was 0.1425)
14:26:20 robot_arb INFO Param updated: expiration_date = 2026-09-18 (was 2026-09-18)
14:26:20 robot_arb INFO Param updated: contract_size = 100 (was 100)
14:26:20 robot_arb INFO Param updated: lookback = 500 (was 500)
14:26:20 robot_arb INFO Param updated: leg_a_timeout = 5 (was 5)
14:26:20 robot_arb INFO Param updated: min_fill_ratio = 0.55 (was 0.55)
14:26:20 robot_arb INFO Param updated: min_profit_type = rub (was rub)
14:26:20 robot_arb INFO Param updated: min_profit_value = 77.7 (was 77.7)
14:26:20 robot_arb INFO Param updated: risk_type = stop_loss_rub (was stop_loss_rub)
14:26:20 robot_arb INFO Param updated: risk_value = 50000 (was 50000)
14:26:20 robot_arb INFO Param updated: allow_long_basis = True (was True)
14:26:20 robot_arb INFO Param updated: use_commission = True (was True)
14:26:20 robot_arb INFO Param updated: commission_stock_pct = 0.035 (was 0.035)
14:26:20 robot_arb INFO Param updated: commission_futures_rt = 0.9 (was 0.9)
14:27:36 robot_arb INFO Account changed → 1225953-EDP
14:27:36 robot_arb INFO Param updated: ticker_a = GAZP (was GAZP)
14:27:36 robot_arb INFO Param updated: symbol_a = GAZP@RTSX (was GAZP@RTSX)
14:27:36 robot_arb INFO Param updated: ticker_b = GZU6 (was GZU6)
14:27:36 robot_arb INFO Param updated: symbol_b = GZU6@RTSX (was GZU6@RTSX)
14:27:36 robot_arb INFO Param updated: lots_a = 100 (was 100)
14:27:36 robot_arb INFO Param updated: lots_b = 10 (was 10)
14:27:36 robot_arb INFO Param updated: hedge_ratio = 10 (was 10)
14:27:36 robot_arb INFO Param updated: capital = 1000000 (was 1000000)
14:27:36 robot_arb INFO Param updated: entry_z = 2.7 (was 2.7)
14:27:36 robot_arb INFO Param updated: entry_z_long = -5 (was -5)
14:27:36 robot_arb INFO Param updated: entry_mode = zscore (was zscore)
14:27:36 robot_arb INFO Param updated: spread_rub_high = 350 (was 350)
14:27:36 robot_arb INFO Param updated: spread_rub_low = 300 (was 300)
14:27:36 robot_arb INFO Param updated: risk_free_rate = 0.1425 (was 0.1425)
14:27:36 robot_arb INFO Param updated: expiration_date = 2026-09-18 (was 2026-09-18)
14:27:36 robot_arb INFO Param updated: contract_size = 100 (was 100)
14:27:36 robot_arb INFO Param updated: lookback = 500 (was 500)
14:27:36 robot_arb INFO Param updated: leg_a_timeout = 5 (was 5)
14:27:36 robot_arb INFO Param updated: min_fill_ratio = 0.55 (was 0.55)
14:27:36 robot_arb INFO Param updated: min_profit_type = rub (was rub)
14:27:36 robot_arb INFO Param updated: min_profit_value = 77.7 (was 77.7)
14:27:36 robot_arb INFO Param updated: risk_type = stop_loss_rub (was stop_loss_rub)
14:27:36 robot_arb INFO Param updated: risk_value = 50000 (was 50000)
14:27:36 robot_arb INFO Param updated: allow_long_basis = True (was True)
14:27:36 robot_arb INFO Param updated: use_commission = True (was True)
14:27:36 robot_arb INFO Param updated: commission_stock_pct = 0.035 (was 0.035)
14:27:36 robot_arb INFO Param updated: commission_futures_rt = 0.9 (was 0.9)
14:39:53 robot_arb INFO EXIT SIGNAL reason=profit_target | pnl=117.78 | limit sell 100 @ 101.78 | market buy 10 @ 10484.24
14:39:53 orders_arb INFO 📄 PAPER ENTRY: sell 100 GAZP@RTSX @ 101.78 (LIMIT)
14:39:53 orders_arb INFO 📄 PAPER ENTRY: buy 10 GZU6@RTSX @ 10484.24 (MARKET)
14:39:53 strategy_arb INFO POSITION CLOSE SHORT | PnL=+65.38₽ (gross=+145.41₽ comm=80.02₽) | reason=profit_target | hold=16min
14:39:58 robot_arb INFO ⚠️ CHECK_ENTRY returned signal: {'action': 'entry', 'side': 'short_basis', 'z': 4.275833970794136, 'basis': 9486.9, 'price_a': 101.61, 'price_b': 10503.0}
14:39:58 robot_arb INFO ENTRY SIGNAL short_basis | Z=4.28 basis=9486.90 | A=101.61 B=10503.00 | limit buy 100 @ 101.63 | market sell 10 @ 10497.75
14:39:58 orders_arb INFO 📄 PAPER ENTRY: buy 100 GAZP@RTSX @ 101.63 (LIMIT)
14:39:58 orders_arb INFO 📄 PAPER ENTRY: sell 10 GZU6@RTSX @ 10497.75 (MARKET)
14:39:58 strategy_arb INFO POSITION OPEN SHORT basis | A=101.63 ×100 | B=10497.75 ×10 | basis=9481.45 Z=4.28
14:39:58 robot_arb INFO POSITION OPEN SHORT_BASIS | A=101.63 ×100 | B=10497.75 ×10 | basis=9486.90 Z=4.28
14:40:10 robot_arb INFO EXIT SIGNAL reason=profit_target | pnl=87.35 | limit sell 100 @ 101.61 | market buy 10 @ 10484.24
14:40:10 orders_arb INFO 📄 PAPER ENTRY: sell 100 GAZP@RTSX @ 101.61 (LIMIT)
14:40:10 orders_arb INFO 📄 PAPER ENTRY: buy 10 GZU6@RTSX @ 10484.24 (MARKET)
14:40:10 strategy_arb INFO POSITION CLOSE SHORT | PnL=+34.96₽ (gross=+115.09₽ comm=80.13₽) | reason=profit_target | hold=0min
14:43:14 robot_arb INFO Account changed → 1225953-EDP
14:43:15 robot_arb INFO Param updated: ticker_a = GAZP (was GAZP)
14:43:15 robot_arb INFO Param updated: symbol_a = GAZP@RTSX (was GAZP@RTSX)
14:43:15 robot_arb INFO Param updated: ticker_b = GZU6 (was GZU6)
14:43:15 robot_arb INFO Param updated: symbol_b = GZU6@RTSX (was GZU6@RTSX)
14:43:15 robot_arb INFO Param updated: lots_a = 100 (was 100)
14:43:15 robot_arb INFO Param updated: lots_b = 10 (was 10)
14:43:15 robot_arb INFO Param updated: hedge_ratio = 10 (was 10)
14:43:15 robot_arb INFO Param updated: capital = 1000000 (was 1000000)
14:43:15 robot_arb INFO Param updated: entry_z = 2.7 (was 2.7)
14:43:15 robot_arb INFO Param updated: entry_z_long = -5 (was -5)
14:43:15 robot_arb INFO Param updated: entry_mode = zscore (was zscore)
14:43:15 robot_arb INFO Param updated: spread_rub_high = 350 (was 350)
14:43:15 robot_arb INFO Param updated: spread_rub_low = 300 (was 300)
14:43:15 robot_arb INFO Param updated: risk_free_rate = 0.1425 (was 0.1425)
14:43:15 robot_arb INFO Param updated: expiration_date = 2026-09-18 (was 2026-09-18)
14:43:15 robot_arb INFO Param updated: contract_size = 100 (was 100)
14:43:15 robot_arb INFO Param updated: lookback = 500 (was 500)
14:43:15 robot_arb INFO Param updated: leg_a_timeout = 5 (was 5)
14:43:15 robot_arb INFO Param updated: min_fill_ratio = 0.55 (was 0.55)
14:43:15 robot_arb INFO Param updated: min_profit_type = rub (was rub)
14:43:15 robot_arb INFO Param updated: min_profit_value = 77.7 (was 77.7)
14:43:15 robot_arb INFO Param updated: risk_type = stop_loss_rub (was stop_loss_rub)
14:43:15 robot_arb INFO Param updated: risk_value = 50000 (was 50000)
14:43:15 robot_arb INFO Param updated: allow_long_basis = True (was True)
14:43:15 robot_arb INFO Param updated: use_commission = True (was True)
14:43:15 robot_arb INFO Param updated: commission_stock_pct = 0.035 (was 0.035)
14:43:15 robot_arb INFO Param updated: commission_futures_rt = 0.9 (was 0.9)
14:57:01 robot_arb INFO ⚠️ CHECK_ENTRY returned signal: {'action': 'entry', 'side': 'long_basis', 'z': -6.916521695476753, 'basis': 9401.9, 'price_a': 101.11, 'price_b': 10413.0}
14:57:01 robot_arb INFO ENTRY SIGNAL long_basis | Z=-6.92 basis=9401.90 | A=101.11 B=10413.00 | limit sell 100 @ 101.11 | market buy 10 @ 10418.21
14:57:01 orders_arb INFO 📄 PAPER ENTRY: sell 100 GAZP@RTSX @ 101.11 (LIMIT)
14:57:01 orders_arb INFO 📄 PAPER ENTRY: buy 10 GZU6@RTSX @ 10418.21 (MARKET)
14:57:01 strategy_arb INFO POSITION OPEN LONG basis | A=101.11 ×100 | B=10418.21 ×10 | basis=9407.11 Z=-6.92
14:57:01 robot_arb INFO POSITION OPEN LONG_BASIS | A=101.11 ×100 | B=10418.21 ×10 | basis=9401.90 Z=-6.92
14:59:01 robot_arb INFO EXIT SIGNAL reason=profit_target | pnl=98.21 | limit buy 100 @ 100.96 | market sell 10 @ 10414.79
14:59:01 orders_arb INFO 📄 PAPER ENTRY: buy 100 GAZP@RTSX @ 100.96 (LIMIT)
14:59:01 orders_arb INFO 📄 PAPER ENTRY: sell 10 GZU6@RTSX @ 10414.79 (MARKET)
14:59:01 strategy_arb INFO POSITION CLOSE LONG | PnL=+36.11₽ (gross=+115.84₽ comm=79.72₽) | reason=profit_target | hold=2min
14:59:03 robot_arb INFO ⚠️ CHECK_ENTRY returned signal: {'action': 'entry', 'side': 'short_basis', 'z': 3.6880835185216845, 'basis': 9410.5, 'price_a': 100.95, 'price_b': 10420.0}
14:59:03 robot_arb INFO ENTRY SIGNAL short_basis | Z=3.69 basis=9410.50 | A=100.95 B=10420.00 | limit buy 100 @ 100.96 | market sell 10 @ 10414.79
14:59:03 orders_arb INFO 📄 PAPER ENTRY: buy 100 GAZP@RTSX @ 100.96 (LIMIT)
14:59:03 orders_arb INFO 📄 PAPER ENTRY: sell 10 GZU6@RTSX @ 10414.79 (MARKET)
14:59:03 strategy_arb INFO POSITION OPEN SHORT basis | A=100.96 ×100 | B=10414.79 ×10 | basis=9405.19 Z=3.69
14:59:03 robot_arb INFO POSITION OPEN SHORT_BASIS | A=100.96 ×100 | B=10414.79 ×10 | basis=9410.50 Z=3.69
15:13:57 robot_arb INFO EXIT SIGNAL reason=profit_target | pnl=98.13 | limit sell 100 @ 101.24 | market buy 10 @ 10431.21
15:13:57 orders_arb INFO 📄 PAPER ENTRY: sell 100 GAZP@RTSX @ 101.24 (LIMIT)
15:13:57 orders_arb INFO 📄 PAPER ENTRY: buy 10 GZU6@RTSX @ 10431.21 (MARKET)
15:13:57 strategy_arb INFO POSITION CLOSE SHORT | PnL=+36.00₽ (gross=+115.77₽ comm=79.77₽) | reason=profit_target | hold=15min
15:14:13 robot_arb INFO ⚠️ CHECK_ENTRY returned signal: {'action': 'entry', 'side': 'short_basis', 'z': 4.60814101429336, 'basis': 9431.9, 'price_a': 101.21, 'price_b': 10444.0}
15:14:13 robot_arb INFO ENTRY SIGNAL short_basis | Z=4.61 basis=9431.90 | A=101.21 B=10444.00 | limit buy 100 @ 101.21 | market sell 10 @ 10438.78
15:14:13 orders_arb INFO 📄 PAPER ENTRY: buy 100 GAZP@RTSX @ 101.21 (LIMIT)
15:14:13 orders_arb INFO 📄 PAPER ENTRY: sell 10 GZU6@RTSX @ 10438.78 (MARKET)
15:14:13 strategy_arb INFO POSITION OPEN SHORT basis | A=101.21 ×100 | B=10438.78 ×10 | basis=9426.68 Z=4.61
15:14:13 robot_arb INFO POSITION OPEN SHORT_BASIS | A=101.21 ×100 | B=10438.78 ×10 | basis=9431.90 Z=4.61
16:10:29 robot_arb INFO EXIT SIGNAL reason=profit_target | pnl=88.01 | limit sell 100 @ 101.01 | market buy 10 @ 10404.20
16:10:29 orders_arb INFO 📄 PAPER ENTRY: sell 100 GAZP@RTSX @ 101.01 (LIMIT)
16:10:29 orders_arb INFO 📄 PAPER ENTRY: buy 10 GZU6@RTSX @ 10404.20 (MARKET)
16:10:29 strategy_arb INFO POSITION CLOSE SHORT | PnL=+66.01₽ (gross=+145.79₽ comm=79.78₽) | reason=profit_target | hold=56min
16:10:31 robot_arb INFO ⚠️ CHECK_ENTRY returned signal: {'action': 'entry', 'side': 'long_basis', 'z': -6.909606874114733, 'basis': 9389.2, 'price_a': 100.98, 'price_b': 10399.0}
16:10:31 robot_arb INFO ENTRY SIGNAL long_basis | Z=-6.91 basis=9389.20 | A=100.98 B=10399.00 | limit sell 100 @ 101.01 | market buy 10 @ 10404.20
16:10:31 orders_arb INFO 📄 PAPER ENTRY: sell 100 GAZP@RTSX @ 101.01 (LIMIT)
16:10:31 orders_arb INFO 📄 PAPER ENTRY: buy 10 GZU6@RTSX @ 10404.20 (MARKET)
16:10:31 strategy_arb INFO POSITION OPEN LONG basis | A=101.01 ×100 | B=10404.20 ×10 | basis=9394.10 Z=-6.91
16:10:31 robot_arb INFO POSITION OPEN LONG_BASIS | A=101.01 ×100 | B=10404.20 ×10 | basis=9389.20 Z=-6.91
16:14:58 robot_arb INFO EXIT SIGNAL reason=profit_target | pnl=98.30 | limit buy 100 @ 101.04 | market sell 10 @ 10416.79
16:14:58 orders_arb INFO 📄 PAPER ENTRY: buy 100 GAZP@RTSX @ 101.04 (LIMIT)
16:14:58 orders_arb INFO 📄 PAPER ENTRY: sell 10 GZU6@RTSX @ 10416.79 (MARKET)
16:14:58 strategy_arb INFO POSITION CLOSE LONG | PnL=+16.18₽ (gross=+95.89₽ comm=79.72₽) | reason=profit_target | hold=4min
16:28:01 robot_arb INFO ⚠️ CHECK_ENTRY returned signal: {'action': 'entry', 'side': 'short_basis', 'z': 2.749765034214188, 'basis': 9425.9, 'price_a': 101.11, 'price_b': 10437.0}
16:28:01 robot_arb INFO ENTRY SIGNAL short_basis | Z=2.75 basis=9425.90 | A=101.11 B=10437.00 | limit buy 100 @ 101.12 | market sell 10 @ 10431.78
16:28:01 orders_arb INFO 📄 PAPER ENTRY: buy 100 GAZP@RTSX @ 101.12 (LIMIT)
16:28:01 orders_arb INFO 📄 PAPER ENTRY: sell 10 GZU6@RTSX @ 10431.78 (MARKET)
16:28:01 strategy_arb INFO POSITION OPEN SHORT basis | A=101.12 ×100 | B=10431.78 ×10 | basis=9420.58 Z=2.75
16:28:01 robot_arb INFO POSITION OPEN SHORT_BASIS | A=101.12 ×100 | B=10431.78 ×10 | basis=9425.90 Z=2.75
04:15:09 robot_arb INFO EXIT SIGNAL reason=profit_target | pnl=167.95 | limit sell 100 @ 101.30 | market buy 10 @ 10435.22
04:15:09 orders_arb INFO 📄 PAPER ENTRY: sell 100 GAZP@RTSX @ 101.30 (LIMIT)
04:15:09 orders_arb INFO 📄 PAPER ENTRY: buy 10 GZU6@RTSX @ 10435.22 (MARKET)
04:15:09 strategy_arb INFO POSITION CLOSE SHORT | PnL=+65.82₽ (gross=+145.66₽ comm=79.85₽) | reason=profit_target | hold=707min
04:15:11 robot_arb INFO ⚠️ CHECK_ENTRY returned signal: {'action': 'entry', 'side': 'long_basis', 'z': -9.834428229097622, 'basis': 9416.5, 'price_a': 101.35, 'price_b': 10430.0}
04:15:11 robot_arb INFO ENTRY SIGNAL long_basis | Z=-9.83 basis=9416.50 | A=101.35 B=10430.00 | limit sell 100 @ 101.30 | market buy 10 @ 10435.22
04:15:11 orders_arb INFO 📄 PAPER ENTRY: sell 100 GAZP@RTSX @ 101.30 (LIMIT)
04:15:11 orders_arb INFO 📄 PAPER ENTRY: buy 10 GZU6@RTSX @ 10435.22 (MARKET)
04:15:11 strategy_arb INFO POSITION OPEN LONG basis | A=101.30 ×100 | B=10435.22 ×10 | basis=9422.22 Z=-9.83
04:15:11 robot_arb INFO POSITION OPEN LONG_BASIS | A=101.30 ×100 | B=10435.22 ×10 | basis=9416.50 Z=-9.83
04:37:52 robot_arb INFO EXIT SIGNAL reason=profit_target | pnl=78.01 | limit buy 100 @ 101.09 | market sell 10 @ 10424.78
04:37:52 orders_arb INFO 📄 PAPER ENTRY: buy 100 GAZP@RTSX @ 101.09 (LIMIT)
04:37:52 orders_arb INFO 📄 PAPER ENTRY: sell 10 GZU6@RTSX @ 10424.78 (MARKET)
04:37:52 strategy_arb INFO POSITION CLOSE LONG | PnL=+25.86₽ (gross=+105.70₽ comm=79.84₽) | reason=profit_target | hold=23min
04:38:07 robot_arb INFO ⚠️ CHECK_ENTRY returned signal: {'action': 'entry', 'side': 'short_basis', 'z': 3.8005675147294546, 'basis': 9419.9, 'price_a': 101.01, 'price_b': 10430.0}
04:38:07 robot_arb INFO ENTRY SIGNAL short_basis | Z=3.80 basis=9419.90 | A=101.01 B=10430.00 | limit buy 100 @ 101.10 | market sell 10 @ 10424.78
04:38:07 orders_arb INFO 📄 PAPER ENTRY: buy 100 GAZP@RTSX @ 101.10 (LIMIT)
04:38:07 orders_arb INFO 📄 PAPER ENTRY: sell 10 GZU6@RTSX @ 10424.78 (MARKET)
04:38:07 strategy_arb INFO POSITION OPEN SHORT basis | A=101.10 ×100 | B=10424.78 ×10 | basis=9413.78 Z=3.80
04:38:07 robot_arb INFO POSITION OPEN SHORT_BASIS | A=101.10 ×100 | B=10424.78 ×10 | basis=9419.90 Z=3.80
05:16:23 robot_arb INFO EXIT SIGNAL reason=profit_target | pnl=88.00 | limit sell 100 @ 101.27 | market buy 10 @ 10435.22
05:16:23 orders_arb INFO 📄 PAPER ENTRY: sell 100 GAZP@RTSX @ 101.27 (LIMIT)
05:16:23 orders_arb INFO 📄 PAPER ENTRY: buy 10 GZU6@RTSX @ 10435.22 (MARKET)
05:16:23 strategy_arb INFO POSITION CLOSE SHORT | PnL=-14.13₽ (gross=+65.70₽ comm=79.83₽) | reason=profit_target | hold=38min
05:16:25 robot_arb INFO ⚠️ CHECK_ENTRY returned signal: {'action': 'entry', 'side': 'long_basis', 'z': -5.934480559886592, 'basis': 9416.8, 'price_a': 101.32, 'price_b': 10430.0}
05:16:25 robot_arb INFO ENTRY SIGNAL long_basis | Z=-5.93 basis=9416.80 | A=101.32 B=10430.00 | limit sell 100 @ 101.27 | market buy 10 @ 10435.22
05:16:25 orders_arb INFO 📄 PAPER ENTRY: sell 100 GAZP@RTSX @ 101.27 (LIMIT)
05:16:25 orders_arb INFO 📄 PAPER ENTRY: buy 10 GZU6@RTSX @ 10435.22 (MARKET)
05:16:25 strategy_arb INFO POSITION OPEN LONG basis | A=101.27 ×100 | B=10435.22 ×10 | basis=9422.51 Z=-5.93
05:16:25 robot_arb INFO POSITION OPEN LONG_BASIS | A=101.27 ×100 | B=10435.22 ×10 | basis=9416.80 Z=-5.93
06:21:29 robot_arb INFO EXIT SIGNAL reason=profit_target | pnl=88.05 | limit buy 100 @ 101.04 | market sell 10 @ 10420.79
06:21:29 orders_arb INFO 📄 PAPER ENTRY: buy 100 GAZP@RTSX @ 101.04 (LIMIT)
06:21:29 orders_arb INFO 📄 PAPER ENTRY: sell 10 GZU6@RTSX @ 10420.79 (MARKET)
06:21:29 strategy_arb INFO POSITION CLOSE LONG | PnL=+5.91₽ (gross=+85.72₽ comm=79.81₽) | reason=profit_target | hold=65min
06:42:11 robot_arb INFO ⚠️ CHECK_ENTRY returned signal: {'action': 'entry', 'side': 'short_basis', 'z': 3.5658932265404504, 'basis': 9375.6, 'price_a': 100.54, 'price_b': 10381.0}
06:42:11 robot_arb INFO ENTRY SIGNAL short_basis | Z=3.57 basis=9375.60 | A=100.54 B=10381.00 | limit buy 100 @ 100.54 | market sell 10 @ 10375.81
06:42:11 orders_arb INFO 📄 PAPER ENTRY: buy 100 GAZP@RTSX @ 100.54 (LIMIT)
06:42:11 orders_arb INFO 📄 PAPER ENTRY: sell 10 GZU6@RTSX @ 10375.81 (MARKET)
06:42:11 strategy_arb INFO POSITION OPEN SHORT basis | A=100.54 ×100 | B=10375.81 ×10 | basis=9370.41 Z=3.57
06:42:11 robot_arb INFO POSITION OPEN SHORT_BASIS | A=100.54 ×100 | B=10375.81 ×10 | basis=9375.60 Z=3.57
06:42:14 robot_arb INFO EXIT SIGNAL reason=profit_target | pnl=118.72 | limit sell 100 @ 100.52 | market buy 10 @ 10361.18
06:42:14 orders_arb INFO 📄 PAPER ENTRY: sell 100 GAZP@RTSX @ 100.52 (LIMIT)
06:42:14 orders_arb INFO 📄 PAPER ENTRY: buy 10 GZU6@RTSX @ 10361.18 (MARKET)
06:42:14 strategy_arb INFO POSITION CLOSE SHORT | PnL=+46.94₽ (gross=+126.31₽ comm=79.37₽) | reason=profit_target | hold=0min
06:54:18 robot_arb INFO ⚠️ CHECK_ENTRY returned signal: {'action': 'entry', 'side': 'short_basis', 'z': 3.1193302196096604, 'basis': 9375.3, 'price_a': 100.57, 'price_b': 10381.0}
06:54:18 robot_arb INFO ENTRY SIGNAL short_basis | Z=3.12 basis=9375.30 | A=100.57 B=10381.00 | limit buy 100 @ 100.61 | market sell 10 @ 10375.81
06:54:18 orders_arb INFO 📄 PAPER ENTRY: buy 100 GAZP@RTSX @ 100.61 (LIMIT)
06:54:18 orders_arb INFO 📄 PAPER ENTRY: sell 10 GZU6@RTSX @ 10375.81 (MARKET)
06:54:18 strategy_arb INFO POSITION OPEN SHORT basis | A=100.61 ×100 | B=10375.81 ×10 | basis=9369.71 Z=3.12
06:54:18 robot_arb INFO POSITION OPEN SHORT_BASIS | A=100.61 ×100 | B=10375.81 ×10 | basis=9375.30 Z=3.12
07:29:26 robot_arb INFO Account changed → 1225953-EDP
07:29:26 robot_arb INFO Param updated: ticker_a = GAZP (was GAZP)
07:29:26 robot_arb INFO Param updated: symbol_a = GAZP@RTSX (was GAZP@RTSX)
07:29:26 robot_arb INFO Param updated: ticker_b = GZU6 (was GZU6)
07:29:26 robot_arb INFO Param updated: symbol_b = GZU6@RTSX (was GZU6@RTSX)
07:29:26 robot_arb INFO Param updated: lots_a = 100 (was 100)
07:29:26 robot_arb INFO Param updated: lots_b = 10 (was 10)
07:29:26 robot_arb INFO Param updated: hedge_ratio = 10 (was 10)
07:29:26 robot_arb INFO Param updated: capital = 1000000 (was 1000000)
07:29:26 robot_arb INFO Param updated: entry_z = 2.7 (was 2.7)
07:29:26 robot_arb INFO Param updated: entry_z_long = -5 (was -5)
07:29:26 robot_arb INFO Param updated: entry_mode = zscore (was zscore)
07:29:26 robot_arb INFO Param updated: spread_rub_high = 350 (was 350)
07:29:26 robot_arb INFO Param updated: spread_rub_low = 300 (was 300)
07:29:26 robot_arb INFO Param updated: risk_free_rate = 0.1425 (was 0.1425)
07:29:26 robot_arb INFO Param updated: expiration_date = 2026-09-18 (was 2026-09-18)
07:29:26 robot_arb INFO Param updated: contract_size = 100 (was 100)
07:29:26 robot_arb INFO Param updated: lookback = 400 (was 500)
07:29:26 robot_arb INFO Param updated: leg_a_timeout = 5 (was 5)
07:29:26 robot_arb INFO Param updated: min_fill_ratio = 0.55 (was 0.55)
07:29:26 robot_arb INFO Param updated: min_profit_type = rub (was rub)
07:29:26 robot_arb INFO Param updated: min_profit_value = 77.7 (was 77.7)
07:29:26 robot_arb INFO Param updated: risk_type = stop_loss_rub (was stop_loss_rub)
07:29:26 robot_arb INFO Param updated: risk_value = 50000 (was 50000)
07:29:26 robot_arb INFO Param updated: allow_long_basis = True (was True)
07:29:26 robot_arb INFO Param updated: use_commission = True (was True)
07:29:26 robot_arb INFO Param updated: commission_stock_pct = 0.035 (was 0.035)
07:29:26 robot_arb INFO Param updated: commission_futures_rt = 0.9 (was 0.9)
07:31:52 robot_arb INFO EXIT SIGNAL reason=profit_target | pnl=88.78 | limit sell 100 @ 100.29 | market buy 10 @ 10333.16
07:31:52 orders_arb INFO 📄 PAPER ENTRY: sell 100 GAZP@RTSX @ 100.29 (LIMIT)
07:31:52 orders_arb INFO 📄 PAPER ENTRY: buy 10 GZU6@RTSX @ 10333.16 (MARKET)
07:31:52 strategy_arb INFO POSITION CLOSE SHORT | PnL=+27.14₽ (gross=+106.45₽ comm=79.32₽) | reason=profit_target | hold=38min
07:33:04 robot_arb INFO ⚠️ CHECK_ENTRY returned signal: {'action': 'entry', 'side': 'short_basis', 'z': 3.057844897305352, 'basis': 9344.0, 'price_a': 100.3, 'price_b': 10347.0}
07:33:04 robot_arb INFO ENTRY SIGNAL short_basis | Z=3.06 basis=9344.00 | A=100.30 B=10347.00 | limit buy 100 @ 100.31 | market sell 10 @ 10341.83
07:33:04 orders_arb INFO 📄 PAPER ENTRY: buy 100 GAZP@RTSX @ 100.31 (LIMIT)
07:33:04 orders_arb INFO 📄 PAPER ENTRY: sell 10 GZU6@RTSX @ 10341.83 (MARKET)
07:33:04 strategy_arb INFO POSITION OPEN SHORT basis | A=100.31 ×100 | B=10341.83 ×10 | basis=9338.73 Z=3.06
07:33:04 robot_arb INFO POSITION OPEN SHORT_BASIS | A=100.31 ×100 | B=10341.83 ×10 | basis=9344.00 Z=3.06
07:34:34 robot_arb INFO EXIT SIGNAL reason=profit_target | pnl=108.99 | limit sell 100 @ 100.48 | market buy 10 @ 10345.17
07:34:34 orders_arb INFO 📄 PAPER ENTRY: sell 100 GAZP@RTSX @ 100.48 (LIMIT)
07:34:34 orders_arb INFO 📄 PAPER ENTRY: buy 10 GZU6@RTSX @ 10345.17 (MARKET)
07:34:34 strategy_arb INFO POSITION CLOSE SHORT | PnL=+57.29₽ (gross=+136.56₽ comm=79.28₽) | reason=profit_target | hold=2min
07:34:45 robot_arb INFO ⚠️ CHECK_ENTRY returned signal: {'action': 'entry', 'side': 'long_basis', 'z': -5.232274525890509, 'basis': 9335.1, 'price_a': 100.49, 'price_b': 10340.0}
07:34:45 robot_arb INFO ENTRY SIGNAL long_basis | Z=-5.23 basis=9335.10 | A=100.49 B=10340.00 | limit sell 100 @ 100.48 | market buy 10 @ 10345.17
07:34:45 orders_arb INFO 📄 PAPER ENTRY: sell 100 GAZP@RTSX @ 100.48 (LIMIT)
07:34:45 orders_arb INFO 📄 PAPER ENTRY: buy 10 GZU6@RTSX @ 10345.17 (MARKET)
07:34:45 strategy_arb INFO POSITION OPEN LONG basis | A=100.48 ×100 | B=10345.17 ×10 | basis=9340.37 Z=-5.23
07:34:45 robot_arb INFO POSITION OPEN LONG_BASIS | A=100.48 ×100 | B=10345.17 ×10 | basis=9335.10 Z=-5.23
07:35:06 robot_arb INFO EXIT SIGNAL reason=profit_target | pnl=108.99 | limit buy 100 @ 100.41 | market sell 10 @ 10350.82
07:35:06 orders_arb INFO 📄 PAPER ENTRY: buy 100 GAZP@RTSX @ 100.41 (LIMIT)
07:35:06 orders_arb INFO 📄 PAPER ENTRY: sell 10 GZU6@RTSX @ 10350.82 (MARKET)
07:35:06 strategy_arb INFO POSITION CLOSE LONG | PnL=+47.21₽ (gross=+126.52₽ comm=79.31₽) | reason=profit_target | hold=0min
07:38:39 robot_arb INFO ⚠️ CHECK_ENTRY returned signal: {'action': 'entry', 'side': 'short_basis', 'z': 3.6684980041302997, 'basis': 9372.7, 'price_a': 100.53, 'price_b': 10378.0}
07:38:39 robot_arb INFO ENTRY SIGNAL short_basis | Z=3.67 basis=9372.70 | A=100.53 B=10378.00 | limit buy 100 @ 100.53 | market sell 10 @ 10372.81
07:38:39 orders_arb INFO 📄 PAPER ENTRY: buy 100 GAZP@RTSX @ 100.53 (LIMIT)
07:38:39 orders_arb INFO 📄 PAPER ENTRY: sell 10 GZU6@RTSX @ 10372.81 (MARKET)
07:38:39 strategy_arb INFO POSITION OPEN SHORT basis | A=100.53 ×100 | B=10372.81 ×10 | basis=9367.51 Z=3.67
07:38:39 robot_arb INFO POSITION OPEN SHORT_BASIS | A=100.53 ×100 | B=10372.81 ×10 | basis=9372.70 Z=3.67
07:39:06 robot_arb INFO EXIT SIGNAL reason=profit_target | pnl=278.67 | limit sell 100 @ 100.72 | market buy 10 @ 10363.18
07:39:06 orders_arb INFO 📄 PAPER ENTRY: sell 100 GAZP@RTSX @ 100.72 (LIMIT)
07:39:06 orders_arb INFO 📄 PAPER ENTRY: buy 10 GZU6@RTSX @ 10363.18 (MARKET)
07:39:06 strategy_arb INFO POSITION CLOSE SHORT | PnL=+206.88₽ (gross=+286.32₽ comm=79.44₽) | reason=profit_target | hold=0min
07:39:11 robot_arb INFO ⚠️ CHECK_ENTRY returned signal: {'action': 'entry', 'side': 'short_basis', 'z': 3.4565865606247215, 'basis': 9374.0, 'price_a': 100.5, 'price_b': 10379.0}
07:39:11 robot_arb INFO ENTRY SIGNAL short_basis | Z=3.46 basis=9374.00 | A=100.50 B=10379.00 | limit buy 100 @ 100.51 | market sell 10 @ 10373.81
07:39:11 orders_arb INFO 📄 PAPER ENTRY: buy 100 GAZP@RTSX @ 100.51 (LIMIT)
07:39:11 orders_arb INFO 📄 PAPER ENTRY: sell 10 GZU6@RTSX @ 10373.81 (MARKET)
07:39:11 strategy_arb INFO POSITION OPEN SHORT basis | A=100.51 ×100 | B=10373.81 ×10 | basis=9368.71 Z=3.46
07:39:11 robot_arb INFO POSITION OPEN SHORT_BASIS | A=100.51 ×100 | B=10373.81 ×10 | basis=9374.00 Z=3.46
07:39:22 robot_arb INFO EXIT SIGNAL reason=profit_target | pnl=88.64 | limit sell 100 @ 100.82 | market buy 10 @ 10394.19
07:39:22 orders_arb INFO 📄 PAPER ENTRY: sell 100 GAZP@RTSX @ 100.82 (LIMIT)
07:39:22 orders_arb INFO 📄 PAPER ENTRY: buy 10 GZU6@RTSX @ 10394.19 (MARKET)
07:39:22 strategy_arb INFO POSITION CLOSE SHORT | PnL=+26.69₽ (gross=+106.16₽ comm=79.47₽) | reason=profit_target | hold=0min
07:41:29 robot_arb INFO ⚠️ CHECK_ENTRY returned signal: {'action': 'entry', 'side': 'short_basis', 'z': 3.2467475982283514, 'basis': 9386.9, 'price_a': 100.61, 'price_b': 10393.0}
07:41:29 robot_arb INFO ENTRY SIGNAL short_basis | Z=3.25 basis=9386.90 | A=100.61 B=10393.00 | limit buy 100 @ 100.61 | market sell 10 @ 10387.80
07:41:29 orders_arb INFO 📄 PAPER ENTRY: buy 100 GAZP@RTSX @ 100.61 (LIMIT)
07:41:29 orders_arb INFO 📄 PAPER ENTRY: sell 10 GZU6@RTSX @ 10387.80 (MARKET)
07:41:29 strategy_arb INFO POSITION OPEN SHORT basis | A=100.61 ×100 | B=10387.80 ×10 | basis=9381.70 Z=3.25
07:41:29 robot_arb INFO POSITION OPEN SHORT_BASIS | A=100.61 ×100 | B=10387.80 ×10 | basis=9386.90 Z=3.25
07:41:34 robot_arb INFO EXIT SIGNAL reason=profit_target | pnl=118.61 | limit sell 100 @ 100.60 | market buy 10 @ 10373.18
07:41:34 orders_arb INFO 📄 PAPER ENTRY: sell 100 GAZP@RTSX @ 100.60 (LIMIT)
07:41:34 orders_arb INFO 📄 PAPER ENTRY: buy 10 GZU6@RTSX @ 10373.18 (MARKET)
07:41:34 strategy_arb INFO POSITION CLOSE SHORT | PnL=+56.77₽ (gross=+136.20₽ comm=79.42₽) | reason=profit_target | hold=0min
07:54:58 robot_arb INFO ⚠️ CHECK_ENTRY returned signal: {'action': 'entry', 'side': 'short_basis', 'z': 3.962426098181786, 'basis': 9360.8, 'price_a': 100.42, 'price_b': 10365.0}
07:54:58 robot_arb INFO ENTRY SIGNAL short_basis | Z=3.96 basis=9360.80 | A=100.42 B=10365.00 | limit buy 100 @ 100.44 | market sell 10 @ 10359.82
07:54:58 orders_arb INFO 📄 PAPER ENTRY: buy 100 GAZP@RTSX @ 100.44 (LIMIT)
07:54:58 orders_arb INFO 📄 PAPER ENTRY: sell 10 GZU6@RTSX @ 10359.82 (MARKET)
07:54:58 strategy_arb INFO POSITION OPEN SHORT basis | A=100.44 ×100 | B=10359.82 ×10 | basis=9355.42 Z=3.96
07:54:58 robot_arb INFO POSITION OPEN SHORT_BASIS | A=100.44 ×100 | B=10359.82 ×10 | basis=9360.80 Z=3.96
07:55:09 robot_arb INFO EXIT SIGNAL reason=profit_target | pnl=98.84 | limit sell 100 @ 100.53 | market buy 10 @ 10356.18
07:55:09 orders_arb INFO 📄 PAPER ENTRY: sell 100 GAZP@RTSX @ 100.53 (LIMIT)
07:55:09 orders_arb INFO 📄 PAPER ENTRY: buy 10 GZU6@RTSX @ 10356.18 (MARKET)
07:55:09 strategy_arb INFO POSITION CLOSE SHORT | PnL=+47.08₽ (gross=+126.42₽ comm=79.34₽) | reason=profit_target | hold=0min
07:55:45 robot_arb INFO ⚠️ CHECK_ENTRY returned signal: {'action': 'entry', 'side': 'short_basis', 'z': 3.3530897074137047, 'basis': 9360.6, 'price_a': 100.44, 'price_b': 10365.0}
07:55:45 robot_arb INFO ENTRY SIGNAL short_basis | Z=3.35 basis=9360.60 | A=100.44 B=10365.00 | limit buy 100 @ 100.45 | market sell 10 @ 10359.82
07:55:45 orders_arb INFO 📄 PAPER ENTRY: buy 100 GAZP@RTSX @ 100.45 (LIMIT)
07:55:45 orders_arb INFO 📄 PAPER ENTRY: sell 10 GZU6@RTSX @ 10359.82 (MARKET)
07:55:45 strategy_arb INFO POSITION OPEN SHORT basis | A=100.45 ×100 | B=10359.82 ×10 | basis=9355.32 Z=3.35
07:55:45 robot_arb INFO POSITION OPEN SHORT_BASIS | A=100.45 ×100 | B=10359.82 ×10 | basis=9360.60 Z=3.35
07:59:23 robot_arb INFO EXIT SIGNAL reason=profit_target | pnl=128.81 | limit sell 100 @ 100.59 | market buy 10 @ 10359.18
07:59:23 orders_arb INFO 📄 PAPER ENTRY: sell 100 GAZP@RTSX @ 100.59 (LIMIT)
07:59:23 orders_arb INFO 📄 PAPER ENTRY: buy 10 GZU6@RTSX @ 10359.18 (MARKET)
07:59:23 strategy_arb INFO POSITION CLOSE SHORT | PnL=+67.04₽ (gross=+146.40₽ comm=79.36₽) | reason=profit_target | hold=4min
07:59:28 robot_arb INFO ⚠️ CHECK_ENTRY returned signal: {'action': 'entry', 'side': 'short_basis', 'z': 2.888491905590632, 'basis': 9366.2, 'price_a': 100.48, 'price_b': 10371.0}
07:59:28 robot_arb INFO ENTRY SIGNAL short_basis | Z=2.89 basis=9366.20 | A=100.48 B=10371.00 | limit buy 100 @ 100.49 | market sell 10 @ 10365.81
07:59:28 orders_arb INFO 📄 PAPER ENTRY: buy 100 GAZP@RTSX @ 100.49 (LIMIT)
07:59:28 orders_arb INFO 📄 PAPER ENTRY: sell 10 GZU6@RTSX @ 10365.81 (MARKET)
07:59:28 strategy_arb INFO POSITION OPEN SHORT basis | A=100.49 ×100 | B=10365.81 ×10 | basis=9360.91 Z=2.89
07:59:28 robot_arb INFO POSITION OPEN SHORT_BASIS | A=100.49 ×100 | B=10365.81 ×10 | basis=9366.20 Z=2.89
08:01:59 robot_arb INFO Account changed → 1225953-EDP
08:01:59 robot_arb INFO Param updated: ticker_a = GAZP (was GAZP)
08:01:59 robot_arb INFO Param updated: symbol_a = GAZP@RTSX (was GAZP@RTSX)
08:01:59 robot_arb INFO Param updated: ticker_b = GZU6 (was GZU6)
08:01:59 robot_arb INFO Param updated: symbol_b = GZU6@RTSX (was GZU6@RTSX)
08:01:59 robot_arb INFO Param updated: lots_a = 100 (was 100)
08:01:59 robot_arb INFO Param updated: lots_b = 10 (was 10)
08:01:59 robot_arb INFO Param updated: hedge_ratio = 10 (was 10)
08:01:59 robot_arb INFO Param updated: capital = 1000000 (was 1000000)
08:01:59 robot_arb INFO Param updated: entry_z = 2.7 (was 2.7)
08:01:59 robot_arb INFO Param updated: entry_z_long = -5 (was -5)
08:01:59 robot_arb INFO Param updated: entry_mode = zscore (was zscore)
08:01:59 robot_arb INFO Param updated: spread_rub_high = 350 (was 350)
08:01:59 robot_arb INFO Param updated: spread_rub_low = 300 (was 300)
08:01:59 robot_arb INFO Param updated: risk_free_rate = 0.1425 (was 0.1425)
08:01:59 robot_arb INFO Param updated: expiration_date = 2026-09-18 (was 2026-09-18)
08:01:59 robot_arb INFO Param updated: contract_size = 100 (was 100)
08:01:59 robot_arb INFO Param updated: lookback = 400 (was 400)
08:01:59 robot_arb INFO Param updated: leg_a_timeout = 5 (was 5)
08:01:59 robot_arb INFO Param updated: min_fill_ratio = 0.55 (was 0.55)
08:01:59 robot_arb INFO Param updated: min_profit_type = rub (was rub)
08:01:59 robot_arb INFO Param updated: min_profit_value = 77.77 (was 77.7)
08:01:59 robot_arb INFO Param updated: risk_type = stop_loss_rub (was stop_loss_rub)
08:01:59 robot_arb INFO Param updated: risk_value = 50000 (was 50000)
08:01:59 robot_arb INFO Param updated: allow_long_basis = True (was True)
08:01:59 robot_arb INFO Param updated: use_commission = True (was True)
08:01:59 robot_arb INFO Param updated: commission_stock_pct = 0.035 (was 0.035)
08:01:59 robot_arb INFO Param updated: commission_futures_rt = 0.9 (was 0.9)
08:02:00 robot_arb INFO Account changed → 1225953-EDP
08:02:00 robot_arb INFO Param updated: ticker_a = GAZP (was GAZP)
08:02:00 robot_arb INFO Param updated: symbol_a = GAZP@RTSX (was GAZP@RTSX)
08:02:00 robot_arb INFO Param updated: ticker_b = GZU6 (was GZU6)
08:02:00 robot_arb INFO Param updated: symbol_b = GZU6@RTSX (was GZU6@RTSX)
08:02:00 robot_arb INFO Param updated: lots_a = 100 (was 100)
08:02:00 robot_arb INFO Param updated: lots_b = 10 (was 10)
08:02:00 robot_arb INFO Param updated: hedge_ratio = 10 (was 10)
08:02:00 robot_arb INFO Param updated: capital = 1000000 (was 1000000)
08:02:00 robot_arb INFO Param updated: entry_z = 2.7 (was 2.7)
08:02:00 robot_arb INFO Param updated: entry_z_long = -5 (was -5)
08:02:00 robot_arb INFO Param updated: entry_mode = zscore (was zscore)
08:02:00 robot_arb INFO Param updated: spread_rub_high = 350 (was 350)
08:02:00 robot_arb INFO Param updated: spread_rub_low = 300 (was 300)
08:02:00 robot_arb INFO Param updated: risk_free_rate = 0.1425 (was 0.1425)
08:02:00 robot_arb INFO Param updated: expiration_date = 2026-09-18 (was 2026-09-18)
08:02:00 robot_arb INFO Param updated: contract_size = 100 (was 100)
08:02:00 robot_arb INFO Param updated: lookback = 400 (was 400)
08:02:00 robot_arb INFO Param updated: leg_a_timeout = 5 (was 5)
08:02:00 robot_arb INFO Param updated: min_fill_ratio = 0.55 (was 0.55)
08:02:00 robot_arb INFO Param updated: min_profit_type = rub (was rub)
08:02:00 robot_arb INFO Param updated: min_profit_value = 77.77 (was 77.77)
08:02:00 robot_arb INFO Param updated: risk_type = stop_loss_rub (was stop_loss_rub)
08:02:00 robot_arb INFO Param updated: risk_value = 50000 (was 50000)
08:02:00 robot_arb INFO Param updated: allow_long_basis = True (was True)
08:02:00 robot_arb INFO Param updated: use_commission = True (was True)
08:02:00 robot_arb INFO Param updated: commission_stock_pct = 0.035 (was 0.035)
08:02:00 robot_arb INFO Param updated: commission_futures_rt = 0.9 (was 0.9)
08:02:51 robot_arb INFO EXIT SIGNAL reason=profit_target | pnl=158.78 | limit sell 100 @ 100.54 | market buy 10 @ 10353.17
08:02:51 orders_arb INFO 📄 PAPER ENTRY: sell 100 GAZP@RTSX @ 100.54 (LIMIT)
08:02:51 orders_arb INFO 📄 PAPER ENTRY: buy 10 GZU6@RTSX @ 10353.17 (MARKET)
08:02:51 strategy_arb INFO POSITION CLOSE SHORT | PnL=+97.04₽ (gross=+176.41₽ comm=79.36₽) | reason=profit_target | hold=3min
08:03:09 robot_arb INFO ⚠️ CHECK_ENTRY returned signal: {'action': 'entry', 'side': 'short_basis', 'z': 4.391648236805882, 'basis': 9361.6, 'price_a': 100.34, 'price_b': 10365.0}
08:03:09 robot_arb INFO ENTRY SIGNAL short_basis | Z=4.39 basis=9361.60 | A=100.34 B=10365.00 | limit buy 100 @ 100.35 | market sell 10 @ 10359.82
08:03:09 orders_arb INFO 📄 PAPER ENTRY: buy 100 GAZP@RTSX @ 100.35 (LIMIT)
08:03:09 orders_arb INFO 📄 PAPER ENTRY: sell 10 GZU6@RTSX @ 10359.82 (MARKET)
08:03:09 strategy_arb INFO POSITION OPEN SHORT basis | A=100.35 ×100 | B=10359.82 ×10 | basis=9356.32 Z=4.39
08:03:09 robot_arb INFO POSITION OPEN SHORT_BASIS | A=100.35 ×100 | B=10359.82 ×10 | basis=9361.60 Z=4.39
08:06:21 robot_arb INFO EXIT SIGNAL reason=profit_target | pnl=78.90 | limit sell 100 @ 100.43 | market buy 10 @ 10357.18
08:06:21 orders_arb INFO 📄 PAPER ENTRY: sell 100 GAZP@RTSX @ 100.43 (LIMIT)
08:06:21 orders_arb INFO 📄 PAPER ENTRY: buy 10 GZU6@RTSX @ 10357.18 (MARKET)
08:06:21 strategy_arb INFO POSITION CLOSE SHORT | PnL=+27.14₽ (gross=+106.42₽ comm=79.27₽) | reason=profit_target | hold=3min
08:13:03 robot_arb INFO ⚠️ CHECK_ENTRY returned signal: {'action': 'entry', 'side': 'long_basis', 'z': -5.711598705513964, 'basis': 9354.5, 'price_a': 100.55, 'price_b': 10360.0}
08:13:03 robot_arb INFO ENTRY SIGNAL long_basis | Z=-5.71 basis=9354.50 | A=100.55 B=10360.00 | limit sell 100 @ 100.53 | market buy 10 @ 10365.18
08:13:03 orders_arb INFO 📄 PAPER ENTRY: sell 100 GAZP@RTSX @ 100.53 (LIMIT)
08:13:03 orders_arb INFO 📄 PAPER ENTRY: buy 10 GZU6@RTSX @ 10365.18 (MARKET)
08:13:03 strategy_arb INFO POSITION OPEN LONG basis | A=100.53 ×100 | B=10365.18 ×10 | basis=9359.88 Z=-5.71
08:13:03 robot_arb INFO POSITION OPEN LONG_BASIS | A=100.53 ×100 | B=10365.18 ×10 | basis=9354.50 Z=-5.71
08:46:12 robot_arb INFO EXIT SIGNAL reason=profit_target | pnl=79.17 | limit buy 100 @ 99.56 | market sell 10 @ 10278.86
08:46:12 orders_arb INFO 📄 PAPER ENTRY: buy 100 GAZP@RTSX @ 99.56 (LIMIT)
08:46:12 orders_arb INFO 📄 PAPER ENTRY: sell 10 GZU6@RTSX @ 10278.86 (MARKET)
08:46:12 strategy_arb INFO POSITION CLOSE LONG | PnL=+27.75₽ (gross=+106.78₽ comm=79.03₽) | reason=profit_target | hold=33min
08:46:14 robot_arb INFO ⚠️ CHECK_ENTRY returned signal: {'action': 'entry', 'side': 'short_basis', 'z': 3.6480317234803574, 'basis': 9288.4, 'price_a': 99.56, 'price_b': 10284.0}
08:46:14 robot_arb INFO ENTRY SIGNAL short_basis | Z=3.65 basis=9288.40 | A=99.56 B=10284.00 | limit buy 100 @ 99.56 | market sell 10 @ 10278.86
08:46:14 orders_arb INFO 📄 PAPER ENTRY: buy 100 GAZP@RTSX @ 99.56 (LIMIT)
08:46:14 orders_arb INFO 📄 PAPER ENTRY: sell 10 GZU6@RTSX @ 10278.86 (MARKET)
08:46:14 strategy_arb INFO POSITION OPEN SHORT basis | A=99.56 ×100 | B=10278.86 ×10 | basis=9283.26 Z=3.65
08:46:14 robot_arb INFO POSITION OPEN SHORT_BASIS | A=99.56 ×100 | B=10278.86 ×10 | basis=9288.40 Z=3.65
08:46:22 robot_arb INFO EXIT SIGNAL reason=profit_target | pnl=259.83 | limit sell 100 @ 99.72 | market buy 10 @ 10267.13
08:46:22 orders_arb INFO 📄 PAPER ENTRY: sell 100 GAZP@RTSX @ 99.72 (LIMIT)
08:46:22 orders_arb INFO 📄 PAPER ENTRY: buy 10 GZU6@RTSX @ 10267.13 (MARKET)
08:46:22 strategy_arb INFO POSITION CLOSE SHORT | PnL=+198.52₽ (gross=+277.27₽ comm=78.75₽) | reason=profit_target | hold=0min
08:54:44 robot_arb INFO ⚠️ CHECK_ENTRY returned signal: {'action': 'entry', 'side': 'short_basis', 'z': 4.246700331558262, 'basis': 9267.6, 'price_a': 99.44, 'price_b': 10262.0}
08:54:44 robot_arb INFO ENTRY SIGNAL short_basis | Z=4.25 basis=9267.60 | A=99.44 B=10262.00 | limit buy 100 @ 99.44 | market sell 10 @ 10256.87
08:54:44 orders_arb INFO 📄 PAPER ENTRY: buy 100 GAZP@RTSX @ 99.44 (LIMIT)
08:54:44 orders_arb INFO 📄 PAPER ENTRY: sell 10 GZU6@RTSX @ 10256.87 (MARKET)
08:54:44 strategy_arb INFO POSITION OPEN SHORT basis | A=99.44 ×100 | B=10256.87 ×10 | basis=9262.47 Z=4.25
08:54:44 robot_arb INFO POSITION OPEN SHORT_BASIS | A=99.44 ×100 | B=10256.87 ×10 | basis=9267.60 Z=4.25
09:13:59 robot_arb INFO EXIT SIGNAL reason=profit_target | pnl=90.17 | limit sell 100 @ 99.17 | market buy 10 @ 10221.11
09:13:59 orders_arb INFO 📄 PAPER ENTRY: sell 100 GAZP@RTSX @ 99.17 (LIMIT)
09:13:59 orders_arb INFO 📄 PAPER ENTRY: buy 10 GZU6@RTSX @ 10221.11 (MARKET)
09:13:59 strategy_arb INFO POSITION CLOSE SHORT | PnL=+9.10₽ (gross=+87.61₽ comm=78.51₽) | reason=profit_target | hold=19min
09:15:25 robot_arb INFO ⚠️ CHECK_ENTRY returned signal: {'action': 'entry', 'side': 'short_basis', 'z': 3.951120840326177, 'basis': 9225.7, 'price_a': 98.93, 'price_b': 10215.0}
09:15:25 robot_arb INFO ENTRY SIGNAL short_basis | Z=3.95 basis=9225.70 | A=98.93 B=10215.00 | limit buy 100 @ 98.94 | market sell 10 @ 10209.89
09:15:25 orders_arb INFO 📄 PAPER ENTRY: buy 100 GAZP@RTSX @ 98.94 (LIMIT)
09:15:25 orders_arb INFO 📄 PAPER ENTRY: sell 10 GZU6@RTSX @ 10209.89 (MARKET)
09:15:25 strategy_arb INFO POSITION OPEN SHORT basis | A=98.94 ×100 | B=10209.89 ×10 | basis=9220.49 Z=3.95
09:15:25 robot_arb INFO POSITION OPEN SHORT_BASIS | A=98.94 ×100 | B=10209.89 ×10 | basis=9225.70 Z=3.95
09:15:33 robot_arb INFO EXIT SIGNAL reason=profit_target | pnl=90.64 | limit sell 100 @ 99.03 | market buy 10 @ 10207.10
09:15:33 orders_arb INFO 📄 PAPER ENTRY: sell 100 GAZP@RTSX @ 99.03 (LIMIT)
09:15:33 orders_arb INFO 📄 PAPER ENTRY: buy 10 GZU6@RTSX @ 10207.10 (MARKET)
09:15:33 strategy_arb INFO POSITION CLOSE SHORT | PnL=+39.63₽ (gross=+117.91₽ comm=78.29₽) | reason=profit_target | hold=0min
09:16:14 robot_arb INFO ⚠️ CHECK_ENTRY returned signal: {'action': 'entry', 'side': 'short_basis', 'z': 2.7282908432797073, 'basis': 9222.7, 'price_a': 98.93, 'price_b': 10212.0}
09:16:14 robot_arb INFO ENTRY SIGNAL short_basis | Z=2.73 basis=9222.70 | A=98.93 B=10212.00 | limit buy 100 @ 98.94 | market sell 10 @ 10206.89
09:16:14 orders_arb INFO 📄 PAPER ENTRY: buy 100 GAZP@RTSX @ 98.94 (LIMIT)
09:16:14 orders_arb INFO 📄 PAPER ENTRY: sell 10 GZU6@RTSX @ 10206.89 (MARKET)
09:16:14 strategy_arb INFO POSITION OPEN SHORT basis | A=98.94 ×100 | B=10206.89 ×10 | basis=9217.49 Z=2.73
09:16:14 robot_arb INFO POSITION OPEN SHORT_BASIS | A=98.94 ×100 | B=10206.89 ×10 | basis=9222.70 Z=2.73
09:16:21 robot_arb INFO EXIT SIGNAL reason=profit_target | pnl=80.63 | limit sell 100 @ 99.06 | market buy 10 @ 10210.10
09:16:21 orders_arb INFO 📄 PAPER ENTRY: sell 100 GAZP@RTSX @ 99.06 (LIMIT)
09:16:21 orders_arb INFO 📄 PAPER ENTRY: buy 10 GZU6@RTSX @ 10210.10 (MARKET)
09:16:21 strategy_arb INFO POSITION CLOSE SHORT | PnL=+9.61₽ (gross=+87.91₽ comm=78.30₽) | reason=profit_target | hold=0min
09:25:55 robot_arb INFO ⚠️ CHECK_ENTRY returned signal: {'action': 'entry', 'side': 'short_basis', 'z': 2.83571128065302, 'basis': 9224.6, 'price_a': 98.94, 'price_b': 10214.0}
09:25:55 robot_arb INFO ENTRY SIGNAL short_basis | Z=2.84 basis=9224.60 | A=98.94 B=10214.00 | limit buy 100 @ 98.94 | market sell 10 @ 10208.89
09:25:55 orders_arb INFO 📄 PAPER ENTRY: buy 100 GAZP@RTSX @ 98.94 (LIMIT)
09:25:55 orders_arb INFO 📄 PAPER ENTRY: sell 10 GZU6@RTSX @ 10208.89 (MARKET)
09:25:55 strategy_arb INFO POSITION OPEN SHORT basis | A=98.94 ×100 | B=10208.89 ×10 | basis=9219.49 Z=2.84
09:25:55 robot_arb INFO POSITION OPEN SHORT_BASIS | A=98.94 ×100 | B=10208.89 ×10 | basis=9224.60 Z=2.84
09:26:06 robot_arb INFO EXIT SIGNAL reason=profit_target | pnl=230.64 | limit sell 100 @ 99.03 | market buy 10 @ 10192.09
09:26:06 orders_arb INFO 📄 PAPER ENTRY: sell 100 GAZP@RTSX @ 99.03 (LIMIT)
09:26:06 orders_arb INFO 📄 PAPER ENTRY: buy 10 GZU6@RTSX @ 10192.09 (MARKET)
09:26:06 strategy_arb INFO POSITION CLOSE SHORT | PnL=+179.71₽ (gross=+257.99₽ comm=78.29₽) | reason=profit_target | hold=0min
09:26:08 robot_arb INFO ⚠️ CHECK_ENTRY returned signal: {'action': 'entry', 'side': 'long_basis', 'z': -5.489694738677337, 'basis': 9196.7, 'price_a': 99.03, 'price_b': 10187.0}
09:26:08 robot_arb INFO ENTRY SIGNAL long_basis | Z=-5.49 basis=9196.70 | A=99.03 B=10187.00 | limit sell 100 @ 99.03 | market buy 10 @ 10192.09
09:26:08 orders_arb INFO 📄 PAPER ENTRY: sell 100 GAZP@RTSX @ 99.03 (LIMIT)
09:26:08 orders_arb INFO 📄 PAPER ENTRY: buy 10 GZU6@RTSX @ 10192.09 (MARKET)
09:26:08 strategy_arb INFO POSITION OPEN LONG basis | A=99.03 ×100 | B=10192.09 ×10 | basis=9201.79 Z=-5.49
09:26:08 robot_arb INFO POSITION OPEN LONG_BASIS | A=99.03 ×100 | B=10192.09 ×10 | basis=9196.70 Z=-5.49
09:26:16 robot_arb INFO EXIT SIGNAL reason=profit_target | pnl=140.83 | limit buy 100 @ 98.79 | market sell 10 @ 10183.91
09:26:16 orders_arb INFO 📄 PAPER ENTRY: buy 100 GAZP@RTSX @ 98.79 (LIMIT)
09:26:16 orders_arb INFO 📄 PAPER ENTRY: sell 10 GZU6@RTSX @ 10183.91 (MARKET)
09:26:16 strategy_arb INFO POSITION CLOSE LONG | PnL=+79.88₽ (gross=+158.12₽ comm=78.24₽) | reason=profit_target | hold=0min
09:31:18 robot_arb INFO ⚠️ CHECK_ENTRY returned signal: {'action': 'entry', 'side': 'short_basis', 'z': 3.3435850665555638, 'basis': 9206.1, 'price_a': 98.59, 'price_b': 10192.0}
09:31:18 robot_arb INFO ENTRY SIGNAL short_basis | Z=3.34 basis=9206.10 | A=98.59 B=10192.00 | limit buy 100 @ 98.59 | market sell 10 @ 10186.90
09:31:18 orders_arb INFO 📄 PAPER ENTRY: buy 100 GAZP@RTSX @ 98.59 (LIMIT)
09:31:18 orders_arb INFO 📄 PAPER ENTRY: sell 10 GZU6@RTSX @ 10186.90 (MARKET)
09:31:18 strategy_arb INFO POSITION OPEN SHORT basis | A=98.59 ×100 | B=10186.90 ×10 | basis=9201.00 Z=3.34
09:31:18 robot_arb INFO POSITION OPEN SHORT_BASIS | A=98.59 ×100 | B=10186.90 ×10 | basis=9206.10 Z=3.34
09:31:24 robot_arb INFO EXIT SIGNAL reason=profit_target | pnl=140.91 | limit sell 100 @ 98.91 | market buy 10 @ 10202.10
09:31:24 orders_arb INFO 📄 PAPER ENTRY: sell 100 GAZP@RTSX @ 98.91 (LIMIT)
09:31:24 orders_arb INFO 📄 PAPER ENTRY: buy 10 GZU6@RTSX @ 10202.10 (MARKET)
09:31:24 strategy_arb INFO POSITION CLOSE SHORT | PnL=+89.93₽ (gross=+168.05₽ comm=78.13₽) | reason=profit_target | hold=0min
09:43:11 robot_arb INFO ⚠️ CHECK_ENTRY returned signal: {'action': 'entry', 'side': 'short_basis', 'z': 3.663269541470582, 'basis': 9206.5, 'price_a': 98.75, 'price_b': 10194.0}
09:43:11 robot_arb INFO ENTRY SIGNAL short_basis | Z=3.66 basis=9206.50 | A=98.75 B=10194.00 | limit buy 100 @ 98.75 | market sell 10 @ 10188.90
09:43:11 orders_arb INFO 📄 PAPER ENTRY: buy 100 GAZP@RTSX @ 98.75 (LIMIT)
09:43:11 orders_arb INFO 📄 PAPER ENTRY: sell 10 GZU6@RTSX @ 10188.90 (MARKET)
09:43:11 strategy_arb INFO POSITION OPEN SHORT basis | A=98.75 ×100 | B=10188.90 ×10 | basis=9201.40 Z=3.66
09:43:11 robot_arb INFO POSITION OPEN SHORT_BASIS | A=98.75 ×100 | B=10188.90 ×10 | basis=9206.50 Z=3.66
09:45:15 robot_arb INFO EXIT SIGNAL reason=profit_target | pnl=80.85 | limit sell 100 @ 98.89 | market buy 10 @ 10195.09
09:45:15 orders_arb INFO 📄 PAPER ENTRY: sell 100 GAZP@RTSX @ 98.89 (LIMIT)
09:45:15 orders_arb INFO 📄 PAPER ENTRY: buy 10 GZU6@RTSX @ 10195.09 (MARKET)
09:45:15 strategy_arb INFO POSITION CLOSE SHORT | PnL=-0.09₽ (gross=+78.08₽ comm=78.17₽) | reason=profit_target | hold=2min
09:57:01 robot_arb INFO ⚠️ CHECK_ENTRY returned signal: {'action': 'entry', 'side': 'short_basis', 'z': 3.18879287874003, 'basis': 9237.8, 'price_a': 99.12, 'price_b': 10229.0}
09:57:01 robot_arb INFO ENTRY SIGNAL short_basis | Z=3.19 basis=9237.80 | A=99.12 B=10229.00 | limit buy 100 @ 99.13 | market sell 10 @ 10223.89
09:57:01 orders_arb INFO 📄 PAPER ENTRY: buy 100 GAZP@RTSX @ 99.13 (LIMIT)
09:57:01 orders_arb INFO 📄 PAPER ENTRY: sell 10 GZU6@RTSX @ 10223.89 (MARKET)
09:57:01 strategy_arb INFO POSITION OPEN SHORT basis | A=99.13 ×100 | B=10223.89 ×10 | basis=9232.59 Z=3.19
09:57:01 robot_arb INFO POSITION OPEN SHORT_BASIS | A=99.13 ×100 | B=10223.89 ×10 | basis=9237.80 Z=3.19
10:20:55 robot_arb INFO EXIT SIGNAL reason=profit_target | pnl=180.49 | limit sell 100 @ 99.03 | market buy 10 @ 10195.09
10:20:55 orders_arb INFO 📄 PAPER ENTRY: sell 100 GAZP@RTSX @ 99.03 (LIMIT)
10:20:55 orders_arb INFO 📄 PAPER ENTRY: buy 10 GZU6@RTSX @ 10195.09 (MARKET)
10:20:55 strategy_arb INFO POSITION CLOSE SHORT | PnL=+109.55₽ (gross=+187.91₽ comm=78.36₽) | reason=profit_target | hold=24min
10:20:57 robot_arb INFO ⚠️ CHECK_ENTRY returned signal: {'action': 'entry', 'side': 'long_basis', 'z': -6.570919770671177, 'basis': 9199.5, 'price_a': 99.05, 'price_b': 10190.0}
10:20:57 robot_arb INFO ENTRY SIGNAL long_basis | Z=-6.57 basis=9199.50 | A=99.05 B=10190.00 | limit sell 100 @ 99.03 | market buy 10 @ 10195.09
10:20:57 orders_arb INFO 📄 PAPER ENTRY: sell 100 GAZP@RTSX @ 99.03 (LIMIT)
10:20:57 orders_arb INFO 📄 PAPER ENTRY: buy 10 GZU6@RTSX @ 10195.09 (MARKET)
10:20:57 strategy_arb INFO POSITION OPEN LONG basis | A=99.03 ×100 | B=10195.09 ×10 | basis=9204.80 Z=-6.57
10:20:57 robot_arb INFO POSITION OPEN LONG_BASIS | A=99.03 ×100 | B=10195.09 ×10 | basis=9199.50 Z=-6.57
10:21:00 robot_arb INFO EXIT SIGNAL reason=profit_target | pnl=100.81 | limit buy 100 @ 98.81 | market sell 10 @ 10184.91
10:21:00 orders_arb INFO 📄 PAPER ENTRY: buy 100 GAZP@RTSX @ 98.81 (LIMIT)
10:21:00 orders_arb INFO 📄 PAPER ENTRY: sell 10 GZU6@RTSX @ 10184.91 (MARKET)
10:21:00 strategy_arb INFO POSITION CLOSE LONG | PnL=+39.86₽ (gross=+118.10₽ comm=78.24₽) | reason=profit_target | hold=0min
10:21:06 robot_arb INFO ⚠️ CHECK_ENTRY returned signal: {'action': 'entry', 'side': 'short_basis', 'z': 5.928357168615687, 'basis': 9227.0, 'price_a': 98.8, 'price_b': 10215.0}
10:21:06 robot_arb INFO ENTRY SIGNAL short_basis | Z=5.93 basis=9227.00 | A=98.80 B=10215.00 | limit buy 100 @ 98.80 | market sell 10 @ 10209.89
10:21:06 orders_arb INFO 📄 PAPER ENTRY: buy 100 GAZP@RTSX @ 98.80 (LIMIT)
10:21:06 orders_arb INFO 📄 PAPER ENTRY: sell 10 GZU6@RTSX @ 10209.89 (MARKET)
10:21:06 strategy_arb INFO POSITION OPEN SHORT basis | A=98.80 ×100 | B=10209.89 ×10 | basis=9221.89 Z=5.93
10:21:06 robot_arb INFO POSITION OPEN SHORT_BASIS | A=98.80 ×100 | B=10209.89 ×10 | basis=9227.00 Z=5.93
10:21:11 robot_arb INFO EXIT SIGNAL reason=profit_target | pnl=130.74 | limit sell 100 @ 98.84 | market buy 10 @ 10200.10
10:21:11 orders_arb INFO 📄 PAPER ENTRY: sell 100 GAZP@RTSX @ 98.84 (LIMIT)
10:21:11 orders_arb INFO 📄 PAPER ENTRY: buy 10 GZU6@RTSX @ 10200.10 (MARKET)
10:21:11 strategy_arb INFO POSITION CLOSE SHORT | PnL=+59.78₽ (gross=+137.95₽ comm=78.17₽) | reason=profit_target | hold=0min
10:24:30 robot_arb INFO ⚠️ CHECK_ENTRY returned signal: {'action': 'entry', 'side': 'short_basis', 'z': 4.066422396462958, 'basis': 9218.5, 'price_a': 98.65, 'price_b': 10205.0}
10:24:30 robot_arb INFO ENTRY SIGNAL short_basis | Z=4.07 basis=9218.50 | A=98.65 B=10205.00 | limit buy 100 @ 98.63 | market sell 10 @ 10199.90
10:24:30 orders_arb INFO 📄 PAPER ENTRY: buy 100 GAZP@RTSX @ 98.63 (LIMIT)
10:24:30 orders_arb INFO 📄 PAPER ENTRY: sell 10 GZU6@RTSX @ 10199.90 (MARKET)
10:24:30 strategy_arb INFO POSITION OPEN SHORT basis | A=98.63 ×100 | B=10199.90 ×10 | basis=9213.60 Z=4.07
10:24:30 robot_arb INFO POSITION OPEN SHORT_BASIS | A=98.63 ×100 | B=10199.90 ×10 | basis=9218.50 Z=4.07
10:24:41 robot_arb INFO EXIT SIGNAL reason=profit_target | pnl=210.93 | limit sell 100 @ 98.63 | market buy 10 @ 10177.09
10:24:41 orders_arb INFO 📄 PAPER ENTRY: sell 100 GAZP@RTSX @ 98.63 (LIMIT)
10:24:41 orders_arb INFO 📄 PAPER ENTRY: buy 10 GZU6@RTSX @ 10177.09 (MARKET)
10:24:41 strategy_arb INFO POSITION CLOSE SHORT | PnL=+150.07₽ (gross=+228.11₽ comm=78.04₽) | reason=profit_target | hold=0min
10:34:02 robot_arb INFO ⚠️ CHECK_ENTRY returned signal: {'action': 'entry', 'side': 'short_basis', 'z': 4.974396379520152, 'basis': 9226.7, 'price_a': 98.83, 'price_b': 10215.0}
10:34:02 robot_arb INFO ENTRY SIGNAL short_basis | Z=4.97 basis=9226.70 | A=98.83 B=10215.00 | limit buy 100 @ 98.83 | market sell 10 @ 10209.89
10:34:02 orders_arb INFO 📄 PAPER ENTRY: buy 100 GAZP@RTSX @ 98.83 (LIMIT)
10:34:02 orders_arb INFO 📄 PAPER ENTRY: sell 10 GZU6@RTSX @ 10209.89 (MARKET)
10:34:02 strategy_arb INFO POSITION OPEN SHORT basis | A=98.83 ×100 | B=10209.89 ×10 | basis=9221.59 Z=4.97
10:34:02 robot_arb INFO POSITION OPEN SHORT_BASIS | A=98.83 ×100 | B=10209.89 ×10 | basis=9226.70 Z=4.97
10:34:05 robot_arb INFO EXIT SIGNAL reason=profit_target | pnl=110.74 | limit sell 100 @ 98.82 | market buy 10 @ 10196.10
10:34:05 orders_arb INFO 📄 PAPER ENTRY: sell 100 GAZP@RTSX @ 98.82 (LIMIT)
10:34:05 orders_arb INFO 📄 PAPER ENTRY: buy 10 GZU6@RTSX @ 10196.10 (MARKET)
10:34:05 strategy_arb INFO POSITION CLOSE SHORT | PnL=+49.79₽ (gross=+127.97₽ comm=78.18₽) | reason=profit_target | hold=0min
10:37:40 robot_arb INFO ⚠️ CHECK_ENTRY returned signal: {'action': 'entry', 'side': 'short_basis', 'z': 3.0886138800704854, 'basis': 9228.7, 'price_a': 98.93, 'price_b': 10218.0}
10:37:40 robot_arb INFO ENTRY SIGNAL short_basis | Z=3.09 basis=9228.70 | A=98.93 B=10218.00 | limit buy 100 @ 98.95 | market sell 10 @ 10212.89
10:37:40 orders_arb INFO 📄 PAPER ENTRY: buy 100 GAZP@RTSX @ 98.95 (LIMIT)
10:37:40 orders_arb INFO 📄 PAPER ENTRY: sell 10 GZU6@RTSX @ 10212.89 (MARKET)
10:37:40 strategy_arb INFO POSITION OPEN SHORT basis | A=98.95 ×100 | B=10212.89 ×10 | basis=9223.39 Z=3.09
10:37:40 robot_arb INFO POSITION OPEN SHORT_BASIS | A=98.95 ×100 | B=10212.89 ×10 | basis=9228.70 Z=3.09
10:38:09 robot_arb INFO EXIT SIGNAL reason=profit_target | pnl=90.62 | limit sell 100 @ 99.03 | market buy 10 @ 10209.10
10:38:09 orders_arb INFO 📄 PAPER ENTRY: sell 100 GAZP@RTSX @ 99.03 (LIMIT)
10:38:09 orders_arb INFO 📄 PAPER ENTRY: buy 10 GZU6@RTSX @ 10209.10 (MARKET)
10:38:09 strategy_arb INFO POSITION CLOSE SHORT | PnL=+39.60₽ (gross=+117.89₽ comm=78.29₽) | reason=profit_target | hold=0min
10:44:06 robot_arb INFO ⚠️ CHECK_ENTRY returned signal: {'action': 'entry', 'side': 'short_basis', 'z': 3.396050623970078, 'basis': 9176.3, 'price_a': 98.37, 'price_b': 10160.0}
10:44:06 robot_arb INFO ENTRY SIGNAL short_basis | Z=3.40 basis=9176.30 | A=98.37 B=10160.00 | limit buy 100 @ 98.37 | market sell 10 @ 10154.92
10:44:06 orders_arb INFO 📄 PAPER ENTRY: buy 100 GAZP@RTSX @ 98.37 (LIMIT)
10:44:06 orders_arb INFO 📄 PAPER ENTRY: sell 10 GZU6@RTSX @ 10154.92 (MARKET)
10:44:06 strategy_arb INFO POSITION OPEN SHORT basis | A=98.37 ×100 | B=10154.92 ×10 | basis=9171.22 Z=3.40
10:44:06 robot_arb INFO POSITION OPEN SHORT_BASIS | A=98.37 ×100 | B=10154.92 ×10 | basis=9176.30 Z=3.40
10:44:45 robot_arb INFO EXIT SIGNAL reason=profit_target | pnl=121.27 | limit sell 100 @ 98.57 | market buy 10 @ 10161.08
10:44:45 orders_arb INFO 📄 PAPER ENTRY: sell 100 GAZP@RTSX @ 98.57 (LIMIT)
10:44:45 orders_arb INFO 📄 PAPER ENTRY: buy 10 GZU6@RTSX @ 10161.08 (MARKET)
10:44:45 strategy_arb INFO POSITION CLOSE SHORT | PnL=+60.49₽ (gross=+138.42₽ comm=77.93₽) | reason=profit_target | hold=1min
10:44:56 robot_arb INFO ⚠️ CHECK_ENTRY returned signal: {'action': 'entry', 'side': 'short_basis', 'z': 3.999202133811766, 'basis': 9187.3, 'price_a': 98.47, 'price_b': 10172.0}
10:44:56 robot_arb INFO ENTRY SIGNAL short_basis | Z=4.00 basis=9187.30 | A=98.47 B=10172.00 | limit buy 100 @ 98.48 | market sell 10 @ 10166.91
10:44:56 orders_arb INFO 📄 PAPER ENTRY: buy 100 GAZP@RTSX @ 98.48 (LIMIT)
10:44:56 orders_arb INFO 📄 PAPER ENTRY: sell 10 GZU6@RTSX @ 10166.91 (MARKET)
10:44:56 strategy_arb INFO POSITION OPEN SHORT basis | A=98.48 ×100 | B=10166.91 ×10 | basis=9182.11 Z=4.00
10:44:56 robot_arb INFO POSITION OPEN SHORT_BASIS | A=98.48 ×100 | B=10166.91 ×10 | basis=9187.30 Z=4.00
10:45:02 robot_arb INFO EXIT SIGNAL reason=profit_target | pnl=131.17 | limit sell 100 @ 98.59 | market buy 10 @ 10162.08
10:45:02 orders_arb INFO 📄 PAPER ENTRY: sell 100 GAZP@RTSX @ 98.59 (LIMIT)
10:45:02 orders_arb INFO 📄 PAPER ENTRY: buy 10 GZU6@RTSX @ 10162.08 (MARKET)
10:45:02 strategy_arb INFO POSITION CLOSE SHORT | PnL=+80.38₽ (gross=+158.36₽ comm=77.97₽) | reason=profit_target | hold=0min
10:47:34 robot_arb INFO ⚠️ CHECK_ENTRY returned signal: {'action': 'entry', 'side': 'short_basis', 'z': 3.157410294844151, 'basis': 9182.5, 'price_a': 98.45, 'price_b': 10167.0}
10:47:34 robot_arb INFO ENTRY SIGNAL short_basis | Z=3.16 basis=9182.50 | A=98.45 B=10167.00 | limit buy 100 @ 98.43 | market sell 10 @ 10161.92
10:47:34 orders_arb INFO 📄 PAPER ENTRY: buy 100 GAZP@RTSX @ 98.43 (LIMIT)
10:47:34 orders_arb INFO 📄 PAPER ENTRY: sell 10 GZU6@RTSX @ 10161.92 (MARKET)
10:47:34 strategy_arb INFO POSITION OPEN SHORT basis | A=98.43 ×100 | B=10161.92 ×10 | basis=9177.62 Z=3.16
10:47:34 robot_arb INFO POSITION OPEN SHORT_BASIS | A=98.43 ×100 | B=10161.92 ×10 | basis=9182.50 Z=3.16
10:48:22 robot_arb INFO EXIT SIGNAL reason=profit_target | pnl=101.22 | limit sell 100 @ 98.56 | market buy 10 @ 10162.08
10:48:22 orders_arb INFO 📄 PAPER ENTRY: sell 100 GAZP@RTSX @ 98.56 (LIMIT)
10:48:22 orders_arb INFO 📄 PAPER ENTRY: buy 10 GZU6@RTSX @ 10162.08 (MARKET)
10:48:22 strategy_arb INFO POSITION CLOSE SHORT | PnL=+50.43₽ (gross=+128.38₽ comm=77.95₽) | reason=profit_target | hold=1min
11:01:52 robot_arb INFO ⚠️ CHECK_ENTRY returned signal: {'action': 'entry', 'side': 'short_basis', 'z': 5.760214249237471, 'basis': 9199.9, 'price_a': 98.61, 'price_b': 10186.0}
11:01:52 robot_arb INFO ENTRY SIGNAL short_basis | Z=5.76 basis=9199.90 | A=98.61 B=10186.00 | limit buy 100 @ 98.64 | market sell 10 @ 10180.91
11:01:52 orders_arb INFO 📄 PAPER ENTRY: buy 100 GAZP@RTSX @ 98.64 (LIMIT)
11:01:52 orders_arb INFO 📄 PAPER ENTRY: sell 10 GZU6@RTSX @ 10180.91 (MARKET)
11:01:52 strategy_arb INFO POSITION OPEN SHORT basis | A=98.64 ×100 | B=10180.91 ×10 | basis=9194.51 Z=5.76
11:01:52 robot_arb INFO POSITION OPEN SHORT_BASIS | A=98.64 ×100 | B=10180.91 ×10 | basis=9199.90 Z=5.76
11:03:56 robot_arb INFO EXIT SIGNAL reason=profit_target | pnl=81.00 | limit sell 100 @ 98.69 | market buy 10 @ 10175.08
11:03:56 orders_arb INFO 📄 PAPER ENTRY: sell 100 GAZP@RTSX @ 98.69 (LIMIT)
11:03:56 orders_arb INFO 📄 PAPER ENTRY: buy 10 GZU6@RTSX @ 10175.08 (MARKET)
11:03:56 strategy_arb INFO POSITION CLOSE SHORT | PnL=+30.15₽ (gross=+108.22₽ comm=78.07₽) | reason=profit_target | hold=2min
11:14:29 robot_arb INFO ⚠️ CHECK_ENTRY returned signal: {'action': 'entry', 'side': 'short_basis', 'z': 3.1831917178695766, 'basis': 9221.0, 'price_a': 99.0, 'price_b': 10211.0}
11:14:29 robot_arb INFO ENTRY SIGNAL short_basis | Z=3.18 basis=9221.00 | A=99.00 B=10211.00 | limit buy 100 @ 99.02 | market sell 10 @ 10205.89
11:14:29 orders_arb INFO 📄 PAPER ENTRY: buy 100 GAZP@RTSX @ 99.02 (LIMIT)
11:14:29 orders_arb INFO 📄 PAPER ENTRY: sell 10 GZU6@RTSX @ 10205.89 (MARKET)
11:14:29 strategy_arb INFO POSITION OPEN SHORT basis | A=99.02 ×100 | B=10205.89 ×10 | basis=9215.69 Z=3.18
11:14:29 robot_arb INFO POSITION OPEN SHORT_BASIS | A=99.02 ×100 | B=10205.89 ×10 | basis=9221.00 Z=3.18
11:57:42 robot_arb INFO EXIT SIGNAL reason=profit_target | pnl=90.88 | limit sell 100 @ 98.30 | market buy 10 @ 10122.06
11:57:42 orders_arb INFO 📄 PAPER ENTRY: sell 100 GAZP@RTSX @ 98.30 (LIMIT)
11:57:42 orders_arb INFO 📄 PAPER ENTRY: buy 10 GZU6@RTSX @ 10122.06 (MARKET)
11:57:42 strategy_arb INFO POSITION CLOSE SHORT | PnL=+40.30₽ (gross=+118.36₽ comm=78.06₽) | reason=profit_target | hold=43min
11:57:44 robot_arb INFO ⚠️ CHECK_ENTRY returned signal: {'action': 'entry', 'side': 'long_basis', 'z': -7.661344637139859, 'basis': 9134.0, 'price_a': 98.3, 'price_b': 10117.0}
11:57:44 robot_arb INFO ENTRY SIGNAL long_basis | Z=-7.66 basis=9134.00 | A=98.30 B=10117.00 | limit sell 100 @ 98.30 | market buy 10 @ 10122.06
11:57:44 orders_arb INFO 📄 PAPER ENTRY: sell 100 GAZP@RTSX @ 98.30 (LIMIT)
11:57:44 orders_arb INFO 📄 PAPER ENTRY: buy 10 GZU6@RTSX @ 10122.06 (MARKET)
11:57:44 strategy_arb INFO POSITION OPEN LONG basis | A=98.30 ×100 | B=10122.06 ×10 | basis=9139.06 Z=-7.66
11:57:44 robot_arb INFO POSITION OPEN LONG_BASIS | A=98.30 ×100 | B=10122.06 ×10 | basis=9134.00 Z=-7.66
11:57:53 robot_arb INFO EXIT SIGNAL reason=profit_target | pnl=81.67 | limit buy 100 @ 98.14 | market sell 10 @ 10114.94
11:57:53 orders_arb INFO 📄 PAPER ENTRY: buy 100 GAZP@RTSX @ 98.14 (LIMIT)
11:57:53 orders_arb INFO 📄 PAPER ENTRY: sell 10 GZU6@RTSX @ 10114.94 (MARKET)
11:57:53 strategy_arb INFO POSITION CLOSE LONG | PnL=+11.06₽ (gross=+88.82₽ comm=77.75₽) | reason=profit_target | hold=0min
12:07:46 robot_arb INFO ⚠️ CHECK_ENTRY returned signal: {'action': 'entry', 'side': 'short_basis', 'z': 2.969007594536021, 'basis': 9158.5, 'price_a': 98.25, 'price_b': 10141.0}
12:07:46 robot_arb INFO ENTRY SIGNAL short_basis | Z=2.97 basis=9158.50 | A=98.25 B=10141.00 | limit buy 100 @ 98.25 | market sell 10 @ 10135.93
12:07:46 orders_arb INFO 📄 PAPER ENTRY: buy 100 GAZP@RTSX @ 98.25 (LIMIT)
12:07:46 orders_arb INFO 📄 PAPER ENTRY: sell 10 GZU6@RTSX @ 10135.93 (MARKET)
12:07:46 strategy_arb INFO POSITION OPEN SHORT basis | A=98.25 ×100 | B=10135.93 ×10 | basis=9153.43 Z=2.97
12:07:46 robot_arb INFO POSITION OPEN SHORT_BASIS | A=98.25 ×100 | B=10135.93 ×10 | basis=9158.50 Z=2.97
12:13:19 robot_arb INFO EXIT SIGNAL reason=profit_target | pnl=181.51 | limit sell 100 @ 98.27 | market buy 10 @ 10119.06
12:13:19 orders_arb INFO 📄 PAPER ENTRY: sell 100 GAZP@RTSX @ 98.27 (LIMIT)
12:13:19 orders_arb INFO 📄 PAPER ENTRY: buy 10 GZU6@RTSX @ 10119.06 (MARKET)
12:13:19 strategy_arb INFO POSITION CLOSE SHORT | PnL=+110.94₽ (gross=+188.72₽ comm=77.78₽) | reason=profit_target | hold=6min
12:14:12 robot_arb INFO ⚠️ CHECK_ENTRY returned signal: {'action': 'entry', 'side': 'short_basis', 'z': 3.2355916246249454, 'basis': 9153.4, 'price_a': 98.06, 'price_b': 10134.0}
12:14:12 robot_arb INFO ENTRY SIGNAL short_basis | Z=3.24 basis=9153.40 | A=98.06 B=10134.00 | limit buy 100 @ 98.06 | market sell 10 @ 10128.93
12:14:12 orders_arb INFO 📄 PAPER ENTRY: buy 100 GAZP@RTSX @ 98.06 (LIMIT)
12:14:12 orders_arb INFO 📄 PAPER ENTRY: sell 10 GZU6@RTSX @ 10128.93 (MARKET)
12:14:12 strategy_arb INFO POSITION OPEN SHORT basis | A=98.06 ×100 | B=10128.93 ×10 | basis=9148.33 Z=3.24
12:14:12 robot_arb INFO POSITION OPEN SHORT_BASIS | A=98.06 ×100 | B=10128.93 ×10 | basis=9153.40 Z=3.24
12:14:14 robot_arb INFO EXIT SIGNAL reason=profit_target | pnl=81.61 | limit sell 100 @ 98.26 | market buy 10 @ 10139.07
12:14:14 orders_arb INFO 📄 PAPER ENTRY: sell 100 GAZP@RTSX @ 98.26 (LIMIT)
12:14:14 orders_arb INFO 📄 PAPER ENTRY: buy 10 GZU6@RTSX @ 10139.07 (MARKET)
12:14:14 strategy_arb INFO POSITION CLOSE SHORT | PnL=+20.95₽ (gross=+98.66₽ comm=77.71₽) | reason=profit_target | hold=0min
12:14:17 robot_arb INFO ⚠️ CHECK_ENTRY returned signal: {'action': 'entry', 'side': 'long_basis', 'z': -5.503587462467747, 'basis': 9110.3, 'price_a': 98.27, 'price_b': 10093.0}
12:14:17 robot_arb INFO ENTRY SIGNAL long_basis | Z=-5.50 basis=9110.30 | A=98.27 B=10093.00 | limit sell 100 @ 98.26 | market buy 10 @ 10098.05
12:14:17 orders_arb INFO 📄 PAPER ENTRY: sell 100 GAZP@RTSX @ 98.26 (LIMIT)
12:14:17 orders_arb INFO 📄 PAPER ENTRY: buy 10 GZU6@RTSX @ 10098.05 (MARKET)
12:14:17 strategy_arb INFO POSITION OPEN LONG basis | A=98.26 ×100 | B=10098.05 ×10 | basis=9115.45 Z=-5.50
12:14:17 robot_arb INFO POSITION OPEN LONG_BASIS | A=98.26 ×100 | B=10098.05 ×10 | basis=9110.30 Z=-5.50
12:14:19 robot_arb INFO EXIT SIGNAL reason=profit_target | pnl=181.86 | limit buy 100 @ 97.94 | market sell 10 @ 10087.95
12:14:19 orders_arb INFO 📄 PAPER ENTRY: buy 100 GAZP@RTSX @ 97.94 (LIMIT)
12:14:19 orders_arb INFO 📄 PAPER ENTRY: sell 10 GZU6@RTSX @ 10087.95 (MARKET)
12:14:19 strategy_arb INFO POSITION CLOSE LONG | PnL=+141.40₽ (gross=+219.07₽ comm=77.67₽) | reason=profit_target | hold=0min
12:28:13 robot_arb INFO ⚠️ CHECK_ENTRY returned signal: {'action': 'entry', 'side': 'short_basis', 'z': 2.922672355542169, 'basis': 9134.0, 'price_a': 98.0, 'price_b': 10114.0}
12:28:13 robot_arb INFO ENTRY SIGNAL short_basis | Z=2.92 basis=9134.00 | A=98.00 B=10114.00 | limit buy 100 @ 98.00 | market sell 10 @ 10108.94
12:28:13 orders_arb INFO 📄 PAPER ENTRY: buy 100 GAZP@RTSX @ 98.00 (LIMIT)
12:28:13 orders_arb INFO 📄 PAPER ENTRY: sell 10 GZU6@RTSX @ 10108.94 (MARKET)
12:28:13 strategy_arb INFO POSITION OPEN SHORT basis | A=98.00 ×100 | B=10108.94 ×10 | basis=9128.94 Z=2.92
12:28:13 robot_arb INFO POSITION OPEN SHORT_BASIS | A=98.00 ×100 | B=10108.94 ×10 | basis=9134.00 Z=2.92
12:36:23 robot_arb INFO EXIT SIGNAL reason=profit_target | pnl=101.84 | limit sell 100 @ 97.96 | market buy 10 @ 10092.04
12:36:23 orders_arb INFO 📄 PAPER ENTRY: sell 100 GAZP@RTSX @ 97.96 (LIMIT)
12:36:23 orders_arb INFO 📄 PAPER ENTRY: buy 10 GZU6@RTSX @ 10092.04 (MARKET)
12:36:23 strategy_arb INFO POSITION CLOSE SHORT | PnL=+51.41₽ (gross=+128.99₽ comm=77.59₽) | reason=profit_target | hold=8min
12:43:26 robot_arb INFO ⚠️ CHECK_ENTRY returned signal: {'action': 'entry', 'side': 'short_basis', 'z': 2.761023648680445, 'basis': 9127.0, 'price_a': 97.9, 'price_b': 10106.0}
12:43:26 robot_arb INFO ENTRY SIGNAL short_basis | Z=2.76 basis=9127.00 | A=97.90 B=10106.00 | limit buy 100 @ 97.91 | market sell 10 @ 10100.95
12:43:26 orders_arb INFO 📄 PAPER ENTRY: buy 100 GAZP@RTSX @ 97.91 (LIMIT)
12:43:26 orders_arb INFO 📄 PAPER ENTRY: sell 10 GZU6@RTSX @ 10100.95 (MARKET)
12:43:26 strategy_arb INFO POSITION OPEN SHORT basis | A=97.91 ×100 | B=10100.95 ×10 | basis=9121.85 Z=2.76
12:43:26 robot_arb INFO POSITION OPEN SHORT_BASIS | A=97.91 ×100 | B=10100.95 ×10 | basis=9127.00 Z=2.76
12:47:45 robot_arb INFO EXIT SIGNAL reason=profit_target | pnl=131.89 | limit sell 100 @ 98.03 | market buy 10 @ 10097.05
12:47:45 orders_arb INFO 📄 PAPER ENTRY: sell 100 GAZP@RTSX @ 98.03 (LIMIT)
12:47:45 orders_arb INFO 📄 PAPER ENTRY: buy 10 GZU6@RTSX @ 10097.05 (MARKET)
12:47:45 strategy_arb INFO POSITION CLOSE SHORT | PnL=+81.43₽ (gross=+159.01₽ comm=77.58₽) | reason=profit_target | hold=4min
12:49:00 robot_arb INFO ⚠️ CHECK_ENTRY returned signal: {'action': 'entry', 'side': 'short_basis', 'z': 4.905445876195788, 'basis': 9122.0, 'price_a': 97.7, 'price_b': 10099.0}
12:49:00 robot_arb INFO ENTRY SIGNAL short_basis | Z=4.91 basis=9122.00 | A=97.70 B=10099.00 | limit buy 100 @ 97.71 | market sell 10 @ 10093.95
12:49:00 orders_arb INFO 📄 PAPER ENTRY: buy 100 GAZP@RTSX @ 97.71 (LIMIT)
12:49:00 orders_arb INFO 📄 PAPER ENTRY: sell 10 GZU6@RTSX @ 10093.95 (MARKET)
12:49:00 strategy_arb INFO POSITION OPEN SHORT basis | A=97.71 ×100 | B=10093.95 ×10 | basis=9116.85 Z=4.91
12:49:00 robot_arb INFO POSITION OPEN SHORT_BASIS | A=97.71 ×100 | B=10093.95 ×10 | basis=9122.00 Z=4.91
12:49:05 robot_arb INFO EXIT SIGNAL reason=profit_target | pnl=202.07 | limit sell 100 @ 97.83 | market buy 10 @ 10083.04
12:49:05 orders_arb INFO 📄 PAPER ENTRY: sell 100 GAZP@RTSX @ 97.83 (LIMIT)
12:49:05 orders_arb INFO 📄 PAPER ENTRY: buy 10 GZU6@RTSX @ 10083.04 (MARKET)
12:49:05 strategy_arb INFO POSITION CLOSE SHORT | PnL=+151.68₽ (gross=+229.12₽ comm=77.44₽) | reason=profit_target | hold=0min
12:49:34 robot_arb INFO ⚠️ CHECK_ENTRY returned signal: {'action': 'entry', 'side': 'short_basis', 'z': 2.7183658641113424, 'basis': 9113.1, 'price_a': 97.69, 'price_b': 10090.0}
12:49:34 robot_arb INFO ENTRY SIGNAL short_basis | Z=2.72 basis=9113.10 | A=97.69 B=10090.00 | limit buy 100 @ 97.71 | market sell 10 @ 10084.95
12:49:34 orders_arb INFO 📄 PAPER ENTRY: buy 100 GAZP@RTSX @ 97.71 (LIMIT)
12:49:34 orders_arb INFO 📄 PAPER ENTRY: sell 10 GZU6@RTSX @ 10084.95 (MARKET)
12:49:34 strategy_arb INFO POSITION OPEN SHORT basis | A=97.71 ×100 | B=10084.95 ×10 | basis=9107.85 Z=2.72
12:49:34 robot_arb INFO POSITION OPEN SHORT_BASIS | A=97.71 ×100 | B=10084.95 ×10 | basis=9113.10 Z=2.72
12:50:33 robot_arb INFO EXIT SIGNAL reason=profit_target | pnl=92.08 | limit sell 100 @ 97.92 | market buy 10 @ 10095.05
12:50:33 orders_arb INFO 📄 PAPER ENTRY: sell 100 GAZP@RTSX @ 97.92 (LIMIT)
12:50:33 orders_arb INFO 📄 PAPER ENTRY: buy 10 GZU6@RTSX @ 10095.05 (MARKET)
12:50:33 strategy_arb INFO POSITION CLOSE SHORT | PnL=+31.63₽ (gross=+109.10₽ comm=77.47₽) | reason=profit_target | hold=1min
12:56:26 robot_arb INFO ⚠️ CHECK_ENTRY returned signal: {'action': 'entry', 'side': 'short_basis', 'z': 4.59258261971735, 'basis': 9110.1, 'price_a': 97.69, 'price_b': 10087.0}
12:56:26 robot_arb INFO ENTRY SIGNAL short_basis | Z=4.59 basis=9110.10 | A=97.69 B=10087.00 | limit buy 100 @ 97.69 | market sell 10 @ 10081.96
12:56:26 orders_arb INFO 📄 PAPER ENTRY: buy 100 GAZP@RTSX @ 97.69 (LIMIT)
12:56:26 orders_arb INFO 📄 PAPER ENTRY: sell 10 GZU6@RTSX @ 10081.96 (MARKET)
12:56:26 strategy_arb INFO POSITION OPEN SHORT basis | A=97.69 ×100 | B=10081.96 ×10 | basis=9105.06 Z=4.59
12:56:26 robot_arb INFO POSITION OPEN SHORT_BASIS | A=97.69 ×100 | B=10081.96 ×10 | basis=9110.10 Z=4.59
12:56:58 robot_arb INFO EXIT SIGNAL reason=profit_target | pnl=112.08 | limit sell 100 @ 97.98 | market buy 10 @ 10098.05
12:56:58 orders_arb INFO 📄 PAPER ENTRY: sell 100 GAZP@RTSX @ 97.98 (LIMIT)
12:56:58 orders_arb INFO 📄 PAPER ENTRY: buy 10 GZU6@RTSX @ 10098.05 (MARKET)
12:56:58 strategy_arb INFO POSITION CLOSE SHORT | PnL=+51.62₽ (gross=+129.10₽ comm=77.48₽) | reason=profit_target | hold=1min
13:03:52 robot_arb INFO ⚠️ CHECK_ENTRY returned signal: {'action': 'entry', 'side': 'short_basis', 'z': 3.0831530504412283, 'basis': 9134.8, 'price_a': 98.02, 'price_b': 10115.0}
13:03:52 robot_arb INFO ENTRY SIGNAL short_basis | Z=3.08 basis=9134.80 | A=98.02 B=10115.00 | limit buy 100 @ 98.03 | market sell 10 @ 10109.94
13:03:52 orders_arb INFO 📄 PAPER ENTRY: buy 100 GAZP@RTSX @ 98.03 (LIMIT)
13:03:52 orders_arb INFO 📄 PAPER ENTRY: sell 10 GZU6@RTSX @ 10109.94 (MARKET)
13:03:52 strategy_arb INFO POSITION OPEN SHORT basis | A=98.03 ×100 | B=10109.94 ×10 | basis=9129.64 Z=3.08
13:03:52 robot_arb INFO POSITION OPEN SHORT_BASIS | A=98.03 ×100 | B=10109.94 ×10 | basis=9134.80 Z=3.08
13:28:16 robot_arb INFO EXIT SIGNAL reason=profit_target | pnl=91.98 | limit sell 100 @ 97.51 | market buy 10 @ 10047.02
13:28:16 orders_arb INFO 📄 PAPER ENTRY: sell 100 GAZP@RTSX @ 97.51 (LIMIT)
13:28:16 orders_arb INFO 📄 PAPER ENTRY: buy 10 GZU6@RTSX @ 10047.02 (MARKET)
13:28:16 strategy_arb INFO POSITION CLOSE SHORT | PnL=+31.78₽ (gross=+109.21₽ comm=77.44₽) | reason=profit_target | hold=24min
13:28:38 robot_arb INFO ⚠️ CHECK_ENTRY returned signal: {'action': 'entry', 'side': 'short_basis', 'z': 4.087541706555372, 'basis': 9084.6, 'price_a': 97.34, 'price_b': 10058.0}
13:28:38 robot_arb INFO ENTRY SIGNAL short_basis | Z=4.09 basis=9084.60 | A=97.34 B=10058.00 | limit buy 100 @ 97.36 | market sell 10 @ 10052.97
13:28:38 orders_arb INFO 📄 PAPER ENTRY: buy 100 GAZP@RTSX @ 97.36 (LIMIT)
13:28:38 orders_arb INFO 📄 PAPER ENTRY: sell 10 GZU6@RTSX @ 10052.97 (MARKET)
13:28:38 strategy_arb INFO POSITION OPEN SHORT basis | A=97.36 ×100 | B=10052.97 ×10 | basis=9079.37 Z=4.09
13:28:38 robot_arb INFO POSITION OPEN SHORT_BASIS | A=97.36 ×100 | B=10052.97 ×10 | basis=9084.60 Z=4.09
13:28:39 robot_arb INFO EXIT SIGNAL reason=profit_target | pnl=92.56 | limit sell 100 @ 97.35 | market buy 10 @ 10039.02
13:28:39 orders_arb INFO 📄 PAPER ENTRY: sell 100 GAZP@RTSX @ 97.35 (LIMIT)
13:28:39 orders_arb INFO 📄 PAPER ENTRY: buy 10 GZU6@RTSX @ 10039.02 (MARKET)
13:28:39 strategy_arb INFO POSITION CLOSE SHORT | PnL=+52.39₽ (gross=+129.54₽ comm=77.15₽) | reason=profit_target | hold=0min
13:28:43 robot_arb INFO ⚠️ CHECK_ENTRY returned signal: {'action': 'entry', 'side': 'long_basis', 'z': -5.256446545979671, 'basis': 9058.5, 'price_a': 97.55, 'price_b': 10034.0}
13:28:43 robot_arb INFO ENTRY SIGNAL long_basis | Z=-5.26 basis=9058.50 | A=97.55 B=10034.00 | limit sell 100 @ 97.55 | market buy 10 @ 10039.02
13:28:43 orders_arb INFO 📄 PAPER ENTRY: sell 100 GAZP@RTSX @ 97.55 (LIMIT)
13:28:43 orders_arb INFO 📄 PAPER ENTRY: buy 10 GZU6@RTSX @ 10039.02 (MARKET)
13:28:43 strategy_arb INFO POSITION OPEN LONG basis | A=97.55 ×100 | B=10039.02 ×10 | basis=9063.52 Z=-5.26
13:28:43 robot_arb INFO POSITION OPEN LONG_BASIS | A=97.55 ×100 | B=10039.02 ×10 | basis=9058.50 Z=-5.26
13:28:49 robot_arb INFO EXIT SIGNAL reason=profit_target | pnl=92.59 | limit buy 100 @ 97.43 | market sell 10 @ 10037.98
13:28:49 orders_arb INFO 📄 PAPER ENTRY: buy 100 GAZP@RTSX @ 97.43 (LIMIT)
13:28:49 orders_arb INFO 📄 PAPER ENTRY: sell 10 GZU6@RTSX @ 10037.98 (MARKET)
13:28:49 strategy_arb INFO POSITION CLOSE LONG | PnL=+32.37₽ (gross=+109.61₽ comm=77.24₽) | reason=profit_target | hold=0min
13:40:14 robot_arb INFO ⚠️ CHECK_ENTRY returned signal: {'action': 'entry', 'side': 'short_basis', 'z': 2.999651325542875, 'basis': 9087.1, 'price_a': 97.49, 'price_b': 10062.0}
13:40:14 robot_arb INFO ENTRY SIGNAL short_basis | Z=3.00 basis=9087.10 | A=97.49 B=10062.00 | limit buy 100 @ 97.52 | market sell 10 @ 10056.97
13:40:14 orders_arb INFO 📄 PAPER ENTRY: buy 100 GAZP@RTSX @ 97.52 (LIMIT)
13:40:14 orders_arb INFO 📄 PAPER ENTRY: sell 10 GZU6@RTSX @ 10056.97 (MARKET)
13:40:14 strategy_arb INFO POSITION OPEN SHORT basis | A=97.52 ×100 | B=10056.97 ×10 | basis=9081.77 Z=3.00
13:40:14 robot_arb INFO POSITION OPEN SHORT_BASIS | A=97.52 ×100 | B=10056.97 ×10 | basis=9087.10 Z=3.00
13:50:36 robot_arb INFO EXIT SIGNAL reason=profit_target | pnl=102.50 | limit sell 100 @ 97.32 | market buy 10 @ 10024.01
13:50:36 orders_arb INFO 📄 PAPER ENTRY: sell 100 GAZP@RTSX @ 97.32 (LIMIT)
13:50:36 orders_arb INFO 📄 PAPER ENTRY: buy 10 GZU6@RTSX @ 10024.01 (MARKET)
13:50:36 strategy_arb INFO POSITION CLOSE SHORT | PnL=+52.40₽ (gross=+129.59₽ comm=77.19₽) | reason=profit_target | hold=10min
14:01:24 robot_arb INFO ⚠️ CHECK_ENTRY returned signal: {'action': 'entry', 'side': 'short_basis', 'z': 3.0402173950624674, 'basis': 9041.7, 'price_a': 97.03, 'price_b': 10012.0}
14:01:24 robot_arb INFO ENTRY SIGNAL short_basis | Z=3.04 basis=9041.70 | A=97.03 B=10012.00 | limit buy 100 @ 97.05 | market sell 10 @ 10006.99
14:01:24 orders_arb INFO 📄 PAPER ENTRY: buy 100 GAZP@RTSX @ 97.05 (LIMIT)
14:01:24 orders_arb INFO 📄 PAPER ENTRY: sell 10 GZU6@RTSX @ 10006.99 (MARKET)
14:01:24 strategy_arb INFO POSITION OPEN SHORT basis | A=97.05 ×100 | B=10006.99 ×10 | basis=9036.49 Z=3.04
14:01:24 robot_arb INFO POSITION OPEN SHORT_BASIS | A=97.05 ×100 | B=10006.99 ×10 | basis=9041.70 Z=3.04
14:44:53 robot_arb INFO Account changed → 1225953-EDP
14:44:53 robot_arb INFO Param updated: ticker_a = GAZP (was GAZP)
14:44:53 robot_arb INFO Param updated: symbol_a = GAZP@RTSX (was GAZP@RTSX)
14:44:53 robot_arb INFO Param updated: ticker_b = GZU6 (was GZU6)
14:44:53 robot_arb INFO Param updated: symbol_b = GZU6@RTSX (was GZU6@RTSX)
14:44:53 robot_arb INFO Param updated: lots_a = 100 (was 100)
14:44:53 robot_arb INFO Param updated: lots_b = 10 (was 10)
14:44:53 robot_arb INFO Param updated: hedge_ratio = 10 (was 10)
14:44:53 robot_arb INFO Param updated: capital = 1000000 (was 1000000)
14:44:53 robot_arb INFO Param updated: entry_z = 2.7 (was 2.7)
14:44:53 robot_arb INFO Param updated: entry_z_long = -5 (was -5)
14:44:53 robot_arb INFO Param updated: entry_mode = zscore (was zscore)
14:44:53 robot_arb INFO Param updated: spread_rub_high = 350 (was 350)
14:44:53 robot_arb INFO Param updated: spread_rub_low = 300 (was 300)
14:44:53 robot_arb INFO Param updated: risk_free_rate = 0.1425 (was 0.1425)
14:44:53 robot_arb INFO Param updated: expiration_date = 2026-09-18 (was 2026-09-18)
14:44:53 robot_arb INFO Param updated: contract_size = 100 (was 100)
14:44:53 robot_arb INFO Param updated: lookback = 400 (was 400)
14:44:53 robot_arb INFO Param updated: leg_a_timeout = 5 (was 5)
14:44:53 robot_arb INFO Param updated: min_fill_ratio = 0.55 (was 0.55)
14:44:53 robot_arb INFO Param updated: min_profit_type = rub (was rub)
14:44:53 robot_arb INFO Param updated: min_profit_value = 77.77 (was 77.77)
14:44:53 robot_arb INFO Param updated: risk_type = stop_loss_rub (was stop_loss_rub)
14:44:53 robot_arb INFO Param updated: risk_value = 50000 (was 50000)
14:44:53 robot_arb INFO Param updated: allow_long_basis = True (was True)
14:44:53 robot_arb INFO Param updated: use_commission = True (was True)
14:44:53 robot_arb INFO Param updated: commission_stock_pct = 0.035 (was 0.035)
14:44:53 robot_arb INFO Param updated: commission_futures_rt = 0.9 (was 0.9)
14:45:33 robot_arb INFO Account changed → 1225953-EDP
14:45:34 robot_arb INFO Param updated: ticker_a = GAZP (was GAZP)
14:45:34 robot_arb INFO Param updated: symbol_a = GAZP@RTSX (was GAZP@RTSX)
14:45:34 robot_arb INFO Param updated: ticker_b = GZU6 (was GZU6)
14:45:34 robot_arb INFO Param updated: symbol_b = GZU6@RTSX (was GZU6@RTSX)
14:45:34 robot_arb INFO Param updated: lots_a = 100 (was 100)
14:45:34 robot_arb INFO Param updated: lots_b = 10 (was 10)
14:45:34 robot_arb INFO Param updated: hedge_ratio = 10 (was 10)
14:45:34 robot_arb INFO Param updated: capital = 1000000 (was 1000000)
14:45:34 robot_arb INFO Param updated: entry_z = 2.7 (was 2.7)
14:45:34 robot_arb INFO Param updated: entry_z_long = -5 (was -5)
14:45:34 robot_arb INFO Param updated: entry_mode = zscore (was zscore)
14:45:34 robot_arb INFO Param updated: spread_rub_high = 350 (was 350)
14:45:34 robot_arb INFO Param updated: spread_rub_low = 300 (was 300)
14:45:34 robot_arb INFO Param updated: risk_free_rate = 0.1425 (was 0.1425)
14:45:34 robot_arb INFO Param updated: expiration_date = 2026-09-18 (was 2026-09-18)
14:45:34 robot_arb INFO Param updated: contract_size = 100 (was 100)
14:45:34 robot_arb INFO Param updated: lookback = 400 (was 400)
14:45:34 robot_arb INFO Param updated: leg_a_timeout = 5 (was 5)
14:45:34 robot_arb INFO Param updated: min_fill_ratio = 0.55 (was 0.55)
14:45:34 robot_arb INFO Param updated: min_profit_type = rub (was rub)
14:45:34 robot_arb INFO Param updated: min_profit_value = 77.77 (was 77.77)
14:45:34 robot_arb INFO Param updated: risk_type = stop_loss_rub (was stop_loss_rub)
14:45:34 robot_arb INFO Param updated: risk_value = 50000 (was 50000)
14:45:34 robot_arb INFO Param updated: allow_long_basis = True (was True)
14:45:34 robot_arb INFO Param updated: use_commission = True (was True)
14:45:34 robot_arb INFO Param updated: commission_stock_pct = 0.035 (was 0.035)
14:45:34 robot_arb INFO Param updated: commission_futures_rt = 0.9 (was 0.9)
14:45:54 robot_arb INFO Account changed → 1225953-EDP
14:45:55 robot_arb INFO Param updated: ticker_a = GAZP (was GAZP)
14:45:55 robot_arb INFO Param updated: symbol_a = GAZP@RTSX (was GAZP@RTSX)
14:45:55 robot_arb INFO Param updated: ticker_b = GZU6 (was GZU6)
14:45:55 robot_arb INFO Param updated: symbol_b = GZU6@RTSX (was GZU6@RTSX)
14:45:55 robot_arb INFO Param updated: lots_a = 100 (was 100)
14:45:55 robot_arb INFO Param updated: lots_b = 10 (was 10)
14:45:55 robot_arb INFO Param updated: hedge_ratio = 10 (was 10)
14:45:55 robot_arb INFO Param updated: capital = 1000000 (was 1000000)
14:45:55 robot_arb INFO Param updated: entry_z = 2.7 (was 2.7)
14:45:55 robot_arb INFO Param updated: entry_z_long = -5 (was -5)
14:45:55 robot_arb INFO Param updated: entry_mode = zscore (was zscore)
14:45:55 robot_arb INFO Param updated: spread_rub_high = 350 (was 350)
14:45:55 robot_arb INFO Param updated: spread_rub_low = 300 (was 300)
14:45:55 robot_arb INFO Param updated: risk_free_rate = 0.1425 (was 0.1425)
14:45:55 robot_arb INFO Param updated: expiration_date = 2026-09-18 (was 2026-09-18)
14:45:55 robot_arb INFO Param updated: contract_size = 100 (was 100)
14:45:55 robot_arb INFO Param updated: lookback = 400 (was 400)
14:45:55 robot_arb INFO Param updated: leg_a_timeout = 5 (was 5)
14:45:55 robot_arb INFO Param updated: min_fill_ratio = 0.55 (was 0.55)
14:45:55 robot_arb INFO Param updated: min_profit_type = rub (was rub)
14:45:55 robot_arb INFO Param updated: min_profit_value = 77.77 (was 77.77)
14:45:55 robot_arb INFO Param updated: risk_type = stop_loss_rub (was stop_loss_rub)
14:45:55 robot_arb INFO Param updated: risk_value = 50000 (was 50000)
14:45:55 robot_arb INFO Param updated: allow_long_basis = True (was True)
14:45:55 robot_arb INFO Param updated: use_commission = True (was True)
14:45:55 robot_arb INFO Param updated: commission_stock_pct = 0.035 (was 0.035)
14:45:55 robot_arb INFO Param updated: commission_futures_rt = 0.9 (was 0.9)
15:01:13 robot_arb INFO EXIT SIGNAL reason=profit_target | pnl=82.87 | limit sell 100 @ 97.44 | market buy 10 @ 10036.02
15:01:13 orders_arb INFO 📄 PAPER ENTRY: sell 100 GAZP@RTSX @ 97.44 (LIMIT)
15:01:13 orders_arb INFO 📄 PAPER ENTRY: buy 10 GZU6@RTSX @ 10036.02 (MARKET)
15:01:13 strategy_arb INFO POSITION CLOSE SHORT | PnL=+22.71₽ (gross=+99.79₽ comm=77.07₽) | reason=profit_target | hold=60min
15:01:19 robot_arb INFO ⚠️ CHECK_ENTRY returned signal: {'action': 'entry', 'side': 'short_basis', 'z': 3.8061794413055203, 'basis': 9079.8, 'price_a': 97.22, 'price_b': 10052.0}
15:01:19 robot_arb INFO ENTRY SIGNAL short_basis | Z=3.81 basis=9079.80 | A=97.22 B=10052.00 | limit buy 100 @ 97.23 | market sell 10 @ 10046.97
15:01:19 orders_arb INFO 📄 PAPER ENTRY: buy 100 GAZP@RTSX @ 97.23 (LIMIT)
15:01:19 orders_arb INFO 📄 PAPER ENTRY: sell 10 GZU6@RTSX @ 10046.97 (MARKET)
15:01:19 strategy_arb INFO POSITION OPEN SHORT basis | A=97.23 ×100 | B=10046.97 ×10 | basis=9074.67 Z=3.81
15:01:19 robot_arb INFO POSITION OPEN SHORT_BASIS | A=97.23 ×100 | B=10046.97 ×10 | basis=9079.80 Z=3.81
15:01:32 robot_arb INFO EXIT SIGNAL reason=profit_target | pnl=312.60 | limit sell 100 @ 97.44 | market buy 10 @ 10035.01
15:01:32 orders_arb INFO 📄 PAPER ENTRY: sell 100 GAZP@RTSX @ 97.44 (LIMIT)
15:01:32 orders_arb INFO 📄 PAPER ENTRY: buy 10 GZU6@RTSX @ 10035.01 (MARKET)
15:01:32 strategy_arb INFO POSITION CLOSE SHORT | PnL=+252.46₽ (gross=+329.59₽ comm=77.13₽) | reason=profit_target | hold=0min
15:26:21 robot_arb INFO Signal 15 — shutting down...
