11:49:12 robot_arb INFO === Arbitrage Robot v1 ===
11:49:12 robot_arb INFO Pair: GAZP / GZU6
11:49:12 robot_arb INFO Account: 1225953 | Port: 5090 | Paper: True
11:49:12 robot_arb INFO Params: entry_z=2.7 lookback=200 lots_a=100 lots_b=10 hedge_ratio=10
11:49:12 robot_arb INFO Min profit: rub=77.77
11:49:12 robot_arb INFO Risk: stop_loss_rub=500000
11:49:12 robot_arb INFO State loaded: pnl=31400 trades=158 mode=stopped
11:49:12 FinamPy CRITICAL Ошибка доступа к системному хранилищу: No recommended backend was available. Install a recommended 3rd party backend package; or, install the keyrings.alt package if you want to use the non-recommended backends. See https://pypi.org/project/keyring for details.
11:49:12 FinamPy CRITICAL Ошибка сохранения в системное хранилище: No recommended backend was available. Install a recommended 3rd party backend package; or, install the keyrings.alt package if you want to use the non-recommended backends. See https://pypi.org/project/keyring for details.
11:49:12 robot_arb INFO FinamPy connected. Accounts: ['1225950', '1225951', '1225952', '1225953']
11:49:12 robot_arb INFO Subscribed OrderBook: GAZP@RTSX, GZU6@RTSX
11:49:12 robot_arb INFO Subscribed Quotes: GAZP@RTSX, GZU6@RTSX
11:49:12 robot_arb INFO Warmup: waiting 10 sec for data streams...
11:49:22 robot_arb INFO Warmup done. OB_A: False OB_B: False
11:49:22 robot_arb INFO MOEX ISS poller started (fallback for stock prices)
11:49:22 robot_arb INFO Main loop started
11:49:23 robot_arb INFO API listening on :5090
11:49:23 robot_arb INFO Endpoints: GET /status /health /params | POST /start /stop /pause /params
08:27:30 robot_arb INFO Mode → RUNNING
08:51:10 strategy_arb INFO LAYER #148 CLOSE SHORT | PnL=-187.85₽ (gross=-110.40₽ comm=77.45₽) | reason=manual_stop | hold=1531min | layers=7
08:51:10 strategy_arb INFO LAYER #149 CLOSE SHORT | PnL=-187.85₽ (gross=-110.40₽ comm=77.45₽) | reason=manual_stop | hold=1531min | layers=6
08:51:10 strategy_arb INFO LAYER #150 CLOSE SHORT | PnL=-187.85₽ (gross=-110.40₽ comm=77.45₽) | reason=manual_stop | hold=1531min | layers=5
08:51:10 strategy_arb INFO LAYER #151 CLOSE SHORT | PnL=-127.83₽ (gross=-50.40₽ comm=77.43₽) | reason=manual_stop | hold=1531min | layers=4
08:51:10 strategy_arb INFO LAYER #152 CLOSE SHORT | PnL=-117.81₽ (gross=-40.39₽ comm=77.42₽) | reason=manual_stop | hold=1531min | layers=3
08:51:10 strategy_arb INFO LAYER #154 CLOSE SHORT | PnL=-107.77₽ (gross=-30.37₽ comm=77.40₽) | reason=manual_stop | hold=1521min | layers=2
08:51:10 strategy_arb INFO LAYER #155 CLOSE SHORT | PnL=-107.77₽ (gross=-30.37₽ comm=77.40₽) | reason=manual_stop | hold=1521min | layers=1
08:51:10 strategy_arb INFO LAYER #156 CLOSE SHORT | PnL=-107.77₽ (gross=-30.37₽ comm=77.40₽) | reason=manual_stop | hold=1521min | layers=0
08:51:10 robot_arb INFO Mode → STOPPED
08:51:15 robot_arb INFO Mode → RUNNING
08:51:56 robot_arb INFO Signal 15 — shutting down...
